Component: ARM Compiler 5.06 update 6 (build 750) Tool: armlink [4d35ed]

==============================================================================

Section Cross References

    lock_common.o(i.lock_common_init) refers to app_port.o(i.app_port_kv_init) for app_port_kv_init
    lock_common.o(i.lock_common_init) refers to app_port.o(i.app_port_local_clock_start) for app_port_local_clock_start
    lock_common.o(i.lock_common_init) refers to lock_timer.o(i.lock_timer_creat) for lock_timer_creat
    lock_common.o(i.lock_common_init) refers to app_common.o(i.app_common_init) for app_common_init
    lock_common.o(i.lock_common_init) refers to nrfs_common.o(i.nrfs_log_hexdump) for nrfs_log_hexdump
    lock_common.o(i.lock_common_init) refers to tuya_ble_main.o(.bss) for tuya_ble_current_para
    lock_common.o(i.lock_factory_handler) refers to app_port.o(i.app_port_tuya_ble_device_factory_reset) for app_port_tuya_ble_device_factory_reset
    lock_common.o(i.lock_factory_handler) refers to app_flash.o(i.lock_flash_erease_all) for lock_flash_erease_all
    lock_common.o(i.lock_open_with_bt) refers to elog.o(i.elog_output) for elog_output
    lock_common.o(i.lock_open_with_bt) refers to lock_common.o(.data) for g_open_with_bt_flag
    lock_common.o(i.lock_open_with_bt) refers to lock_common.o(.constdata) for __FUNCTION__
    lock_common.o(i.lock_open_with_bt) refers to lock_common.o(.conststring) for .conststring
    lock_common.o(i.lock_open_with_nopwd_remote) refers to elog.o(i.elog_output) for elog_output
    lock_common.o(i.lock_open_with_nopwd_remote) refers to lock_common.o(.data) for g_open_with_bt_flag
    lock_common.o(i.lock_open_with_nopwd_remote) refers to lock_common.o(.constdata) for __FUNCTION__
    lock_common.o(i.lock_open_with_nopwd_remote) refers to lock_common.o(.conststring) for .conststring
    lock_common.o(i.lock_remote_anti_lock) refers to elog.o(i.elog_output) for elog_output
    lock_common.o(i.lock_remote_anti_lock) refers to lock_common.o(.constdata) for __FUNCTION__
    lock_common.o(i.lock_remote_anti_lock) refers to lock_common.o(.conststring) for .conststring
    lock_hard.o(i.lock_hard_uart_simulate) refers to elog.o(i.elog_output) for elog_output
    lock_hard.o(i.lock_hard_uart_simulate) refers to nrfs_common.o(i.nrfs_log_hexdump) for nrfs_log_hexdump
    lock_hard.o(i.lock_hard_uart_simulate) refers to app_flash.o(i.lock_get_hardid) for lock_get_hardid
    lock_hard.o(i.lock_hard_uart_simulate) refers to lock_dp_report.o(i.lock_hard_creat_sub_report) for lock_hard_creat_sub_report
    lock_hard.o(i.lock_hard_uart_simulate) refers to app_flash.o(i.lock_hard_save_in_local_flash) for lock_hard_save_in_local_flash
    lock_hard.o(i.lock_hard_uart_simulate) refers to lock_dp_report.o(i.lock_open_record_combine_report) for lock_open_record_combine_report
    lock_hard.o(i.lock_hard_uart_simulate) refers to lock_dp_report.o(i.lock_open_record_report) for lock_open_record_report
    lock_hard.o(i.lock_hard_uart_simulate) refers to lock_dp_report.o(i.lock_alarm_record_report) for lock_alarm_record_report
    lock_hard.o(i.lock_hard_uart_simulate) refers to lock_dp_report.o(i.lock_state_sync_report) for lock_state_sync_report
    lock_hard.o(i.lock_hard_uart_simulate) refers to lock_dynamic_pwd.o(i.lock_dynamic_pwd_verify) for lock_dynamic_pwd_verify
    lock_hard.o(i.lock_hard_uart_simulate) refers to lock_common.o(i.lock_factory_handler) for lock_factory_handler
    lock_hard.o(i.lock_hard_uart_simulate) refers to lock_timer.o(i.lock_timer_start) for lock_timer_start
    lock_hard.o(i.lock_hard_uart_simulate) refers to app_port.o(i.app_port_dp_data_report) for app_port_dp_data_report
    lock_hard.o(i.lock_hard_uart_simulate) refers to app_port.o(i.app_port_dp_data_with_time_report) for app_port_dp_data_with_time_report
    lock_hard.o(i.lock_hard_uart_simulate) refers to lock_hard.o(.constdata) for __FUNCTION__
    lock_hard.o(i.lock_hard_uart_simulate) refers to lock_hard.o(.conststring) for .conststring
    lock_hard.o(i.lock_hard_uart_simulate) refers to lock_common.o(.data) for g_open_with_bt_flag
    lock_dp_parser.o(i.lock_dp_parser_handler) refers to memcpya.o(.text) for __aeabi_memcpy
    lock_dp_parser.o(i.lock_dp_parser_handler) refers to nrfs_common.o(i.nrfs_log_hexdump) for nrfs_log_hexdump
    lock_dp_parser.o(i.lock_dp_parser_handler) refers to lock_dp_parser.o(i.open_meth_creat_handler) for open_meth_creat_handler
    lock_dp_parser.o(i.lock_dp_parser_handler) refers to lock_dp_parser.o(i.open_meth_delete_handler) for open_meth_delete_handler
    lock_dp_parser.o(i.lock_dp_parser_handler) refers to lock_dp_parser.o(i.open_meth_modify_handler) for open_meth_modify_handler
    lock_dp_parser.o(i.lock_dp_parser_handler) refers to elog.o(i.elog_output) for elog_output
    lock_dp_parser.o(i.lock_dp_parser_handler) refers to lock_dp_parser.o(i.open_meth_freeze_or_unfreeze_handler) for open_meth_freeze_or_unfreeze_handler
[...]
    0x000332b0   0x000332b0   0x00000010   Code   RO         7981    i.nrf_balloc_block2idx  nrf_balloc.o
    0x000332c0   0x000332c0   0x00000038   Code   RO         7982    i.nrf_balloc_free   nrf_balloc.o
    0x000332f8   0x000332f8   0x0000000c   Code   RO         7983    i.nrf_balloc_idx2block  nrf_balloc.o
    0x00033304   0x00033304   0x0000003c   Code   RO         7984    i.nrf_balloc_init   nrf_balloc.o
    0x00033340   0x00033340   0x00000016   Code   RO         5921    i.nrf_bitmask_bit_is_set  nrfx_gpiote.o
    0x00033356   0x00033356   0x00000016   Code   RO         5922    i.nrf_bitmask_bit_set  nrfx_gpiote.o
    0x0003336c   0x0003336c   0x00000034   Code   RO         4978    i.nrf_ble_gatt_init  nrf_ble_gatt.o
    0x000333a0   0x000333a0   0x00000108   Code   RO         4979    i.nrf_ble_gatt_on_ble_evt  nrf_ble_gatt.o
    0x000334a8   0x000334a8   0x00000052   Code   RO         5153    i.nrf_ble_scan_connect_with_target  nrf_ble_scan.o
    0x000334fa   0x000334fa   0x00000014   Code   RO         5155    i.nrf_ble_scan_default_conn_param_set  nrf_ble_scan.o
    0x0003350e   0x0003350e   0x00000024   Code   RO         5156    i.nrf_ble_scan_default_param_set  nrf_ble_scan.o
    0x00033532   0x00033532   0x00000078   Code   RO         5161    i.nrf_ble_scan_init  nrf_ble_scan.o
    0x000335aa   0x000335aa   0x000000ce   Code   RO         5162    i.nrf_ble_scan_on_adv_report  nrf_ble_scan.o
    0x00033678   0x00033678   0x00000056   Code   RO         5163    i.nrf_ble_scan_on_ble_evt  nrf_ble_scan.o
    0x000336ce   0x000336ce   0x00000034   Code   RO         5164    i.nrf_ble_scan_on_connected_evt  nrf_ble_scan.o
    0x00033702   0x00033702   0x0000003a   Code   RO         5165    i.nrf_ble_scan_on_req_report  nrf_ble_scan.o
    0x0003373c   0x0003373c   0x00000038   Code   RO         5166    i.nrf_ble_scan_on_timeout  nrf_ble_scan.o
    0x00033774   0x00033774   0x0000002e   Code   RO         5167    i.nrf_ble_scan_params_set  nrf_ble_scan.o
    0x000337a2   0x000337a2   0x00000004   Code   RO         5169    i.nrf_ble_scan_stop  nrf_ble_scan.o
    0x000337a6   0x000337a6   0x00000012   Code   RO         5739    i.nrf_clock_event_check  nrfx_clock.o
    0x000337b8   0x000337b8   0x00000012   Code   RO         5740    i.nrf_clock_event_clear  nrfx_clock.o
    0x000337ca   0x000337ca   0x00000002   PAD
    0x000337cc   0x000337cc   0x0000000c   Code   RO         5742    i.nrf_clock_int_disable  nrfx_clock.o
    0x000337d8   0x000337d8   0x00000010   Code   RO         5744    i.nrf_clock_lf_is_running  nrfx_clock.o
    0x000337e8   0x000337e8   0x00000008   Code   RO         5745    i.nrf_clock_task_trigger  nrfx_clock.o
    0x000337f0   0x000337f0   0x00000030   Code   RO         3793    i.nrf_delay_ms      nrfs_flash.o
    0x00033820   0x00033820   0x00000084   Code   RO         9623    i.nrf_dfu_flash_erase  nrf_dfu_flash.o
    0x000338a4   0x000338a4   0x00000024   Code   RO         9624    i.nrf_dfu_flash_init  nrf_dfu_flash.o
    0x000338c8   0x000338c8   0x00000088   Code   RO         9625    i.nrf_dfu_flash_store  nrf_dfu_flash.o
    0x00033950   0x00033950   0x00000194   Code   RO         9682    i.nrf_dfu_settings_init  nrf_dfu_settings.o
    0x00033ae4   0x00033ae4   0x00000028   Code   RO         9683    i.nrf_dfu_settings_write  nrf_dfu_settings.o
    0x00033b0c   0x00033b0c   0x00000020   Code   RO         9684    i.nrf_dfu_settings_write_and_backup  nrf_dfu_settings.o
    0x00033b2c   0x00033b2c   0x00000040   Code   RO         5390    i.nrf_drv_clock_init  nrf_drv_clock.o
    0x00033b6c   0x00033b6c   0x00000034   Code   RO         5394    i.nrf_drv_clock_lfclk_release  nrf_drv_clock.o
    0x00033ba0   0x00033ba0   0x0000008c   Code   RO         5542    i.nrf_drv_uart_init  nrf_drv_uart.o
    0x00033c2c   0x00033c2c   0x00000044   Code   RO         7494    i.nrf_drv_uart_rx   app_uart_fifo.o
    0x00033c70   0x00033c70   0x00000044   Code   RO         7495    i.nrf_drv_uart_tx   app_uart_fifo.o
    0x00033cb4   0x00033cb4   0x00000050   Code   RO         1912    i.nrf_err_code_convert  tuya_ble_port_nrf52832.o
    0x00033d04   0x00033d04   0x0000002a   Code   RO         8029    i.nrf_fprintf       nrf_fprintf.o
    0x00033d2e   0x00033d2e   0x0000001c   Code   RO         8030    i.nrf_fprintf_buffer_flush  nrf_fprintf.o
    0x00033d4a   0x00033d4a   0x000001f0   Code   RO         8067    i.nrf_fprintf_fmt   nrf_fprintf_format.o
    0x00033f3a   0x00033f3a   0x00000002   PAD
    0x00033f3c   0x00033f3c   0x00000170   Code   RO         8430    i.nrf_fstorage_erase  nrf_fstorage.o
    0x000340ac   0x000340ac   0x000000ac   Code   RO         8431    i.nrf_fstorage_init  nrf_fstorage.o
    0x00034158   0x00034158   0x000001ac   Code   RO         8433    i.nrf_fstorage_read  nrf_fstorage.o
    0x00034304   0x00034304   0x0000001c   Code   RO         8524    i.nrf_fstorage_sdh_req_handler  nrf_fstorage_sd.o
    0x00034320   0x00034320   0x0000002c   Code   RO         8525    i.nrf_fstorage_sdh_state_handler  nrf_fstorage_sd.o
    0x0003434c   0x0003434c   0x0000008c   Code   RO         8526    i.nrf_fstorage_sys_evt_handler  nrf_fstorage_sd.o
    0x000343d8   0x000343d8   0x00000264   Code   RO         8437    i.nrf_fstorage_write  nrf_fstorage.o
    0x0003463c   0x0003463c   0x00000028   Code   RO         6295    i.nrf_gpio_cfg      nrfx_uart.o
    0x00034664   0x00034664   0x00000028   Code   RO         6541    i.nrf_gpio_cfg      nrfx_uarte.o
    0x0003468c   0x0003468c   0x0000001a   Code   RO         6297    i.nrf_gpio_cfg_input  nrfx_uart.o
    0x000346a6   0x000346a6   0x0000001a   Code   RO         6543    i.nrf_gpio_cfg_input  nrfx_uarte.o
    0x000346c0   0x000346c0   0x00000018   Code   RO         6298    i.nrf_gpio_cfg_output  nrfx_uart.o
    0x000346d8   0x000346d8   0x00000018   Code   RO         6544    i.nrf_gpio_cfg_output  nrfx_uarte.o
    0x000346f0   0x000346f0   0x00000032   Code   RO         5925    i.nrf_gpio_cfg_sense_set  nrfx_gpiote.o
    0x00034722   0x00034722   0x00000016   Code   RO         6299    i.nrf_gpio_pin_set  nrfx_uart.o
    0x00034738   0x00034738   0x00000016   Code   RO         6545    i.nrf_gpio_pin_set  nrfx_uarte.o
    0x0003474e   0x0003474e   0x00000002   PAD
    0x00034750   0x00034750   0x00000028   Code   RO         5929    i.nrf_gpio_ports_read  nrfx_gpiote.o
    0x00034778   0x00034778   0x0000000c   Code   RO         5930    i.nrf_gpiote_event_addr_get  nrfx_gpiote.o
    0x00034784   0x00034784   0x0000001c   Code   RO         5931    i.nrf_gpiote_event_clear  nrfx_gpiote.o
    0x000347a0   0x000347a0   0x00000016   Code   RO         5932    i.nrf_gpiote_event_is_set  nrfx_gpiote.o
    0x000347b6   0x000347b6   0x00000002   PAD
    0x000347b8   0x000347b8   0x00000054   Code   RO         8892    i.nrf_log_backend_add  nrf_log_frontend.o
    0x0003480c   0x0003480c   0x00000002   Code   RO         8751    i.nrf_log_backend_rtt_flush  nrf_log_backend_rtt.o
    0x0003480e   0x0003480e   0x00000008   Code   RO         8752    i.nrf_log_backend_rtt_init  nrf_log_backend_rtt.o
    0x00034816   0x00034816   0x00000002   Code   RO         8753    i.nrf_log_backend_rtt_panic_set  nrf_log_backend_rtt.o
    0x00034818   0x00034818   0x00000020   Code   RO         8754    i.nrf_log_backend_rtt_put  nrf_log_backend_rtt.o
    0x00034838   0x00034838   0x000000f2   Code   RO         8812    i.nrf_log_backend_serial_put  nrf_log_backend_serial.o
    0x0003492a   0x0003492a   0x00000002   PAD
    0x0003492c   0x0003492c   0x00000038   Code   RO         8894    i.nrf_log_color_id_get  nrf_log_frontend.o
    0x00034964   0x00034964   0x00000028   Code   RO         8848    i.nrf_log_default_backends_init  nrf_log_default_backends.o
    0x0003498c   0x0003498c   0x0000031c   Code   RO         8895    i.nrf_log_frontend_dequeue  nrf_log_frontend.o
    0x00034ca8   0x00034ca8   0x00000014   Code   RO         8897    i.nrf_log_frontend_std_0  nrf_log_frontend.o
    0x00034cbc   0x00034cbc   0x00000018   Code   RO         8898    i.nrf_log_frontend_std_1  nrf_log_frontend.o
    0x00034cd4   0x00034cd4   0x00000020   Code   RO         8899    i.nrf_log_frontend_std_2  nrf_log_frontend.o
    0x00034cf4   0x00034cf4   0x00000028   Code   RO         8900    i.nrf_log_frontend_std_3  nrf_log_frontend.o
    0x00034d1c   0x00034d1c   0x000000bc   Code   RO         9088    i.nrf_log_hexdump_entry_process  nrf_log_str_formatter.o
    0x00034dd8   0x00034dd8   0x0000005c   Code   RO         8904    i.nrf_log_init      nrf_log_frontend.o
    0x00034e34   0x00034e34   0x00000014   Code   RO         8905    i.nrf_log_module_cnt_get  nrf_log_frontend.o
    0x00034e48   0x00034e48   0x00000024   Code   RO         8909    i.nrf_log_module_name_get  nrf_log_frontend.o
    0x00034e6c   0x00034e6c   0x00000038   Code   RO         8910    i.nrf_log_panic     nrf_log_frontend.o
    0x00034ea4   0x00034ea4   0x000000c8   Code   RO         9089    i.nrf_log_std_entry_process  nrf_log_str_formatter.o
    0x00034f6c   0x00034f6c   0x0000007a   Code   RO         8111    i.nrf_memobj_alloc  nrf_memobj.o
    0x00034fe6   0x00034fe6   0x00000040   Code   RO         8112    i.nrf_memobj_free   nrf_memobj.o
    0x00035026   0x00035026   0x00000010   Code   RO         8113    i.nrf_memobj_get    nrf_memobj.o
    0x00035036   0x00035036   0x0000000c   Code   RO         8114    i.nrf_memobj_pool_init  nrf_memobj.o
    0x00035042   0x00035042   0x0000001e   Code   RO         8115    i.nrf_memobj_put    nrf_memobj.o
    0x00035060   0x00035060   0x00000022   Code   RO         8116    i.nrf_memobj_read   nrf_memobj.o
    0x00035082   0x00035082   0x00000022   Code   RO         8117    i.nrf_memobj_write  nrf_memobj.o
    0x000350a4   0x000350a4   0x00000060   Code   RO         6912    i.nrf_nvmc_page_erase  nrf_nvmc.o
    0x00035104   0x00035104   0x00000074   Code   RO         6916    i.nrf_nvmc_write_words  nrf_nvmc.o
    0x00035178   0x00035178   0x00000040   Code   RO         8179    i.nrf_pwr_mgmt_init  nrf_pwr_mgmt.o
    0x000351b8   0x000351b8   0x00000070   Code   RO         8180    i.nrf_pwr_mgmt_run  nrf_pwr_mgmt.o
    0x00035228   0x00035228   0x0000001c   Code   RO         8262    i.nrf_ringbuf_init  nrf_ringbuf.o
    0x00035244   0x00035244   0x0000000e   Code   RO         6759    i.nrf_rtc_event_clear  nrfx_rtc.o
    0x00035252   0x00035252   0x00000006   Code   RO         6760    i.nrf_rtc_event_disable  nrfx_rtc.o
    0x00035258   0x00035258   0x00000006   Code   RO         6761    i.nrf_rtc_event_enable  nrfx_rtc.o
    0x0003525e   0x0003525e   0x00000006   Code   RO         6762    i.nrf_rtc_event_pending  nrfx_rtc.o
    0x00035264   0x00035264   0x00000006   Code   RO         6763    i.nrf_rtc_int_disable  nrfx_rtc.o
    0x0003526a   0x0003526a   0x00000006   Code   RO         6764    i.nrf_rtc_int_enable  nrfx_rtc.o
    0x00035270   0x00035270   0x0000000a   Code   RO         6765    i.nrf_rtc_int_is_enabled  nrfx_rtc.o
    0x0003527a   0x0003527a   0x00000006   Code   RO         6766    i.nrf_rtc_task_trigger  nrfx_rtc.o
    0x00035280   0x00035280   0x00000018   Code   RO         9529    i.nrf_sdh_ble_app_ram_start_get  nrf_sdh_ble.o
    0x00035298   0x00035298   0x00000160   Code   RO         9530    i.nrf_sdh_ble_default_cfg_set  nrf_sdh_ble.o
    0x000353f8   0x000353f8   0x0000014c   Code   RO         9531    i.nrf_sdh_ble_enable  nrf_sdh_ble.o
    0x00035544   0x00035544   0x00000070   Code   RO         9532    i.nrf_sdh_ble_evts_poll  nrf_sdh_ble.o
    0x000355b4   0x000355b4   0x00000068   Code   RO         9405    i.nrf_sdh_disable_request  nrf_sdh.o
    0x0003561c   0x0003561c   0x0000008c   Code   RO         9406    i.nrf_sdh_enable_request  nrf_sdh.o
    0x000356a8   0x000356a8   0x00000030   Code   RO         9407    i.nrf_sdh_evts_poll  nrf_sdh.o
    0x000356d8   0x000356d8   0x0000000c   Code   RO         9408    i.nrf_sdh_is_enabled  nrf_sdh.o
    0x000356e4   0x000356e4   0x00000028   Code   RO         9410    i.nrf_sdh_request_continue  nrf_sdh.o
    0x0003570c   0x0003570c   0x00000054   Code   RO         9588    i.nrf_sdh_soc_evts_poll  nrf_sdh_soc.o
    0x00035760   0x00035760   0x00000006   Code   RO         9413    i.nrf_section_iter_get  nrf_sdh.o
    0x00035766   0x00035766   0x00000014   Code   RO         8322    i.nrf_section_iter_init  nrf_section_iter.o
    0x0003577a   0x0003577a   0x0000002e   Code   RO         8323    i.nrf_section_iter_item_set  nrf_section_iter.o
    0x000357a8   0x000357a8   0x0000002e   Code   RO         8324    i.nrf_section_iter_next  nrf_section_iter.o
    0x000357d6   0x000357d6   0x00000002   PAD
    0x000357d8   0x000357d8   0x00000040   Code   RO         8357    i.nrf_strerror_find  nrf_strerror.o
    0x00035818   0x00035818   0x0000001c   Code   RO         8358    i.nrf_strerror_get  nrf_strerror.o
    0x00035834   0x00035834   0x0000000c   Code   RO         6300    i.nrf_uart_errorsrc_get_and_clear  nrfx_uart.o
    0x00035840   0x00035840   0x0000000e   Code   RO         6301    i.nrf_uart_event_check  nrfx_uart.o
    0x0003584e   0x0003584e   0x0000000e   Code   RO         6302    i.nrf_uart_event_clear  nrfx_uart.o
    0x0003585c   0x0003585c   0x0000000a   Code   RO         6303    i.nrf_uart_hwfc_pins_set  nrfx_uart.o
    0x00035866   0x00035866   0x00000006   Code   RO         6304    i.nrf_uart_int_disable  nrfx_uart.o
    0x0003586c   0x0003586c   0x00000006   Code   RO         6305    i.nrf_uart_int_enable  nrfx_uart.o
    0x00035872   0x00035872   0x00000012   Code   RO         6306    i.nrf_uart_int_enable_check  nrfx_uart.o
    0x00035884   0x00035884   0x00000006   Code   RO         6307    i.nrf_uart_task_trigger  nrfx_uart.o
    0x0003588a   0x0003588a   0x0000000a   Code   RO         6308    i.nrf_uart_txrx_pins_set  nrfx_uart.o
    0x00035894   0x00035894   0x0000000c   Code   RO         6546    i.nrf_uarte_errorsrc_get_and_clear  nrfx_uarte.o
    0x000358a0   0x000358a0   0x0000000e   Code   RO         6547    i.nrf_uarte_event_check  nrfx_uarte.o
    0x000358ae   0x000358ae   0x0000000e   Code   RO         6548    i.nrf_uarte_event_clear  nrfx_uarte.o
    0x000358bc   0x000358bc   0x0000000c   Code   RO         6549    i.nrf_uarte_hwfc_pins_set  nrfx_uarte.o
    0x000358c8   0x000358c8   0x00000006   Code   RO         6550    i.nrf_uarte_int_disable  nrfx_uarte.o
    0x000358ce   0x000358ce   0x00000006   Code   RO         6551    i.nrf_uarte_int_enable  nrfx_uarte.o
    0x000358d4   0x000358d4   0x0000000a   Code   RO         6552    i.nrf_uarte_rx_amount_get  nrfx_uarte.o
    0x000358de   0x000358de   0x0000000c   Code   RO         6553    i.nrf_uarte_shorts_disable  nrfx_uarte.o
    0x000358ea   0x000358ea   0x00000006   Code   RO         6554    i.nrf_uarte_task_trigger  nrfx_uarte.o
    0x000358f0   0x000358f0   0x0000000e   Code   RO         6555    i.nrf_uarte_txrx_pins_set  nrfx_uarte.o
    0x000358fe   0x000358fe   0x00000002   PAD
    0x00035900   0x00035900   0x000000a0   Code   RO         3379    i.nrfs_adv_init     nrfs_scan_adv.o
    0x000359a0   0x000359a0   0x000000ac   Code   RO         3381    i.nrfs_adv_start    nrfs_scan_adv.o
    0x00035a4c   0x00035a4c   0x0000000c   Code   RO         3382    i.nrfs_adv_state_update  nrfs_scan_adv.o
    0x00035a58   0x00035a58   0x000000a8   Code   RO         3383    i.nrfs_adv_stop     nrfs_scan_adv.o
    0x00035b00   0x00035b00   0x000000a0   Code   RO         3384    i.nrfs_adv_update_advDataAndScanRsp  nrfs_scan_adv.o
    0x00035ba0   0x00035ba0   0x000003a4   Code   RO         3474    i.nrfs_ble_evt_handler  nrfs_ble.o
    0x00035f44   0x00035f44   0x00000056   Code   RO         3475    i.nrfs_ble_stack_init  nrfs_ble.o
    0x00035f9a   0x00035f9a   0x00000002   PAD
    0x00035f9c   0x00035f9c   0x00000040   Code   RO         3476    i.nrfs_conn_param_update  nrfs_ble.o
    0x00035fdc   0x00035fdc   0x0000001e   Code   RO         3657    i.nrfs_delay_ms     nrfs_timer.o
    0x00035ffa   0x00035ffa   0x00000002   PAD
    0x00035ffc   0x00035ffc   0x00000014   Code   RO         3477    i.nrfs_disconnect   nrfs_ble.o
    0x00036010   0x00036010   0x00000014   Code   RO         3319    i.nrfs_enter_critical  nrfs_common.o
    0x00036024   0x00036024   0x00000010   Code   RO         3320    i.nrfs_exit_critical  nrfs_common.o
    0x00036034   0x00036034   0x0000016c   Code   RO         3794    i.nrfs_flash_erase  nrfs_flash.o
    0x000361a0   0x000361a0   0x00000044   Code   RO         3795    i.nrfs_flash_init   nrfs_flash.o
    0x000361e4   0x000361e4   0x00000024   Code   RO         3796    i.nrfs_flash_read   nrfs_flash.o
    0x00036208   0x00036208   0x000001e8   Code   RO         3797    i.nrfs_flash_write  nrfs_flash.o
    0x000363f0   0x000363f0   0x00000064   Code   RO         3478    i.nrfs_gap_params_init  nrfs_ble.o
    0x00036454   0x00036454   0x00000028   Code   RO         3479    i.nrfs_gatt_init    nrfs_ble.o
    0x0003647c   0x0003647c   0x00000018   Code   RO         3661    i.nrfs_get_old_timestamp  nrfs_timer.o
    0x00036494   0x00036494   0x00000020   Code   RO         3662    i.nrfs_get_timestamp  nrfs_timer.o
    0x000364b4   0x000364b4   0x00000044   Code   RO         3481    i.nrfs_init_bt_mac_addr  nrfs_ble.o
    0x000364f8   0x000364f8   0x00000008   Code   RO         3663    i.nrfs_local_timer_start  nrfs_timer.o
    0x00036500   0x00036500   0x0000001c   Code   RO         3321    i.nrfs_log_hexdump  nrfs_common.o
    0x0003651c   0x0003651c   0x00000002   Code   RO         3322    i.nrfs_log_hexdump_empty  nrfs_common.o
    0x0003651e   0x0003651e   0x0000003c   Code   RO         3323    i.nrfs_log_init     nrfs_common.o
    0x0003655a   0x0003655a   0x00000002   PAD
    0x0003655c   0x0003655c   0x00000080   Code   RO         3385    i.nrfs_scan_init    nrfs_scan_adv.o
    0x000365dc   0x000365dc   0x0000008c   Code   RO         3482    i.nrfs_set_bt_mac_addr  nrfs_ble.o
    0x00036668   0x00036668   0x00000080   Code   RO         3483    i.nrfs_set_conn_param  nrfs_ble.o
    0x000366e8   0x000366e8   0x00000078   Code   RO         3484    i.nrfs_set_defConn_param  nrfs_ble.o
    0x00036760   0x00036760   0x00000030   Code   RO         3577    i.nrfs_svc_init     nrfs_svc.o
    0x00036790   0x00036790   0x000000e8   Code   RO         3578    i.nrfs_svc_send_data  nrfs_svc.o
    0x00036878   0x00036878   0x0000005c   Code   RO         3324    i.nrfs_system_reset  nrfs_common.o
    0x000368d4   0x000368d4   0x00000002   Code   RO         3881    i.nrfs_test         nrfs_test.o
    0x000368d6   0x000368d6   0x00000002   PAD
    0x000368d8   0x000368d8   0x000000f4   Code   RO         3664    i.nrfs_timer_create  nrfs_timer.o
    0x000369cc   0x000369cc   0x000000dc   Code   RO         3666    i.nrfs_timer_start  nrfs_timer.o
    0x00036aa8   0x00036aa8   0x00000022   Code   RO         3667    i.nrfs_timer_stop   nrfs_timer.o
    0x00036aca   0x00036aca   0x00000002   PAD
    0x00036acc   0x00036acc   0x0000005c   Code   RO         3616    i.nrfs_uart_init    nrfs_uart.o
    0x00036b28   0x00036b28   0x0000004c   Code   RO         3617    i.nrfs_uart_send    nrfs_uart.o
    0x00036b74   0x00036b74   0x0000001c   Code   RO         3668    i.nrfs_update_timestamp  nrfs_timer.o
    0x00036b90   0x00036b90   0x00000014   Code   RO         5751    i.nrfx_clock_enable  nrfx_clock.o
    0x00036ba4   0x00036ba4   0x00000028   Code   RO         5754    i.nrfx_clock_init   nrfx_clock.o
    0x00036bcc   0x00036bcc   0x00000014   Code   RO         5757    i.nrfx_clock_lfclk_stop  nrfx_clock.o
    0x00036be0   0x00036be0   0x00000018   Code   RO         3669    i.nrfx_coredep_delay_us  nrfs_timer.o
    0x00036bf8   0x00036bf8   0x00000018   Code   RO         7285    i.nrfx_coredep_delay_us  app_timer.o
    0x00036c10   0x00036c10   0x00000008   Code   RO         5759    i.nrfx_get_irq_number  nrfx_clock.o
    0x00036c18   0x00036c18   0x00000008   Code   RO         6309    i.nrfx_get_irq_number  nrfx_uart.o
    0x00036c20   0x00036c20   0x00000008   Code   RO         6556    i.nrfx_get_irq_number  nrfx_uarte.o
    0x00036c28   0x00036c28   0x00000014   Code   RO         6557    i.nrfx_is_in_ram    nrfx_uarte.o
    0x00036c3c   0x00036c3c   0x000000a4   Code   RO         5760    i.nrfx_power_clock_irq_init  nrfx_clock.o
    0x00036ce0   0x00036ce0   0x00000054   Code   RO         6239    i.nrfx_prs_acquire  nrfx_prs.o
    0x00036d34   0x00036d34   0x00000020   Code   RO         6770    i.nrfx_rtc_enable   nrfx_rtc.o
    0x00036d54   0x00036d54   0x000000c4   Code   RO         6771    i.nrfx_rtc_init     nrfx_rtc.o
    0x00036e18   0x00036e18   0x0000002c   Code   RO         6776    i.nrfx_rtc_tick_enable  nrfx_rtc.o
    0x00036e44   0x00036e44   0x00000014   Code   RO         6310    i.nrfx_uart_0_irq_handler  nrfx_uart.o
    0x00036e58   0x00036e58   0x00000088   Code   RO         6312    i.nrfx_uart_init    nrfx_uart.o
    0x00036ee0   0x00036ee0   0x00000124   Code   RO         6313    i.nrfx_uart_rx      nrfx_uart.o
    0x00037004   0x00037004   0x0000008c   Code   RO         6318    i.nrfx_uart_tx      nrfx_uart.o
    0x00037090   0x00037090   0x00000024   Code   RO         6320    i.nrfx_uart_tx_in_progress  nrfx_uart.o
    0x000370b4   0x000370b4   0x00000014   Code   RO         6558    i.nrfx_uarte_0_irq_handler  nrfx_uarte.o
    0x000370c8   0x000370c8   0x00000080   Code   RO         6560    i.nrfx_uarte_init   nrfx_uarte.o
    0x00037148   0x00037148   0x00000138   Code   RO         6561    i.nrfx_uarte_rx     nrfx_uarte.o
    0x00037280   0x00037280   0x000000a8   Code   RO         6564    i.nrfx_uarte_tx     nrfx_uarte.o
    0x00037328   0x00037328   0x00000020   Code   RO         6566    i.nrfx_uarte_tx_in_progress  nrfx_uarte.o
    0x00037348   0x00037348   0x00000012   Code   RO         3579    i.nus_data_handler  nrfs_svc.o
    0x0003735a   0x0003735a   0x00000030   Code   RO         4605    i.on_conn_params_update  ble_conn_params.o
    0x0003738a   0x0003738a   0x00000002   PAD
    0x0003738c   0x0003738c   0x00000070   Code   RO         4606    i.on_connect        ble_conn_params.o
    0x000373fc   0x000373fc   0x00000074   Code   RO         5318    i.on_connect        ble_nus.o
    0x00037470   0x00037470   0x000000c4   Code   RO         4980    i.on_connected_evt  nrf_ble_gatt.o
    0x00037534   0x00037534   0x00000054   Code   RO         4981    i.on_data_length_update_evt  nrf_ble_gatt.o
    0x00037588   0x00037588   0x00000030   Code   RO         4982    i.on_data_length_update_request_evt  nrf_ble_gatt.o
    0x000375b8   0x000375b8   0x00000032   Code   RO         4607    i.on_disconnect     ble_conn_params.o
    0x000375ea   0x000375ea   0x00000014   Code   RO         4983    i.on_disconnected_evt  nrf_ble_gatt.o
    0x000375fe   0x000375fe   0x00000002   PAD
    0x00037600   0x00037600   0x000000c8   Code   RO         4984    i.on_exchange_mtu_request_evt  nrf_ble_gatt.o
    0x000376c8   0x000376c8   0x00000064   Code   RO         4985    i.on_exchange_mtu_rsp_evt  nrf_ble_gatt.o
    0x0003772c   0x0003772c   0x00000044   Code   RO         5319    i.on_hvx_tx_complete  ble_nus.o
    0x00037770   0x00037770   0x00000024   Code   RO         8527    i.on_operation_failure  nrf_fstorage_sd.o
    0x00037794   0x00037794   0x0000005c   Code   RO         8528    i.on_operation_success  nrf_fstorage_sd.o
    0x000377f0   0x000377f0   0x00000058   Code   RO         4608    i.on_write          ble_conn_params.o
    0x00037848   0x00037848   0x00000094   Code   RO         5320    i.on_write          ble_nus.o
    0x000378dc   0x000378dc   0x00000358   Code   RO          642    i.open_meth_creat_handler  lock_dp_parser.o
    0x00037c34   0x00037c34   0x000001bc   Code   RO          643    i.open_meth_delete_handler  lock_dp_parser.o
    0x00037df0   0x00037df0   0x0000002a   Code   RO          644    i.open_meth_freeze_or_unfreeze_handler  lock_dp_parser.o
    0x00037e1a   0x00037e1a   0x00000002   PAD
    0x00037e1c   0x00037e1c   0x0000015c   Code   RO          645    i.open_meth_modify_handler  lock_dp_parser.o
    0x00037f78   0x00037f78   0x000001f4   Code   RO          646    i.open_meth_sync_handler  lock_dp_parser.o
    0x0003816c   0x0003816c   0x000000a8   Code   RO          647    i.open_meth_sync_new_handler  lock_dp_parser.o
    0x00038214   0x00038214   0x0000003c   Code   RO          648    i.open_with_bt_handler  lock_dp_parser.o
    0x00038250   0x00038250   0x000001a8   Code   RO          649    i.open_with_nopwd_remote_handler  lock_dp_parser.o
    0x000383f8   0x000383f8   0x00000058   Code   RO          650    i.open_with_nopwd_remote_setkey_handler  lock_dp_parser.o
    0x00038450   0x00038450   0x00000048   Code   RO         9091    i.postfix_process   nrf_log_str_formatter.o
    0x00038498   0x00038498   0x0000001c   Code   RO         3914    i.power_management_init  main.o
    0x000384b4   0x000384b4   0x000000a4   Code   RO         9092    i.prefix_process    nrf_log_str_formatter.o
    0x00038558   0x00038558   0x00000018   Code   RO         6241    i.prs_box_get       nrfx_prs.o
    0x00038570   0x00038570   0x0000007c   Code   RO        11216    i.prvHeapInit       tuya_ble_sdk_nRF52832.lib(tuya_ble_heap.o)
    0x000385ec   0x000385ec   0x00000068   Code   RO        11217    i.prvInsertBlockIntoFreeList  tuya_ble_sdk_nRF52832.lib(tuya_ble_heap.o)
    0x00038654   0x00038654   0x000000d0   Code   RO        11218    i.pvTuyaPortMalloc  tuya_ble_sdk_nRF52832.lib(tuya_ble_heap.o)
    0x00038724   0x00038724   0x00000024   Code   RO          954    i.pwd_number_convert_to_integer  lock_dynamic_pwd.o
    0x00038748   0x00038748   0x00000018   Code   RO         8529    i.queue_free        nrf_fstorage_sd.o
    0x00038760   0x00038760   0x0000002c   Code   RO         8530    i.queue_load_next   nrf_fstorage_sd.o
    0x0003878c   0x0003878c   0x00000090   Code   RO         8531    i.queue_process     nrf_fstorage_sd.o
    0x0003881c   0x0003881c   0x0000001c   Code   RO         8532    i.queue_start       nrf_fstorage_sd.o
    0x00038838   0x00038838   0x00000010   Code   RO         9533    i.ram_end_address_get  nrf_sdh_ble.o
    0x00038848   0x00038848   0x0000001c   Code   RO         8533    i.read              nrf_fstorage_sd.o
    0x00038864   0x00038864   0x0000001c   Code   RO         8658    i.read              nrf_fstorage_nvmc.o
    0x00038880   0x00038880   0x0000017c   Code   RO         2687    i.read_env          ef_env.o
    0x000389fc   0x000389fc   0x000001cc   Code   RO         2688    i.read_sector_meta_data  ef_env.o
    0x00038bc8   0x00038bc8   0x00000074   Code   RO         2689    i.read_status       ef_env.o
    0x00038c3c   0x00038c3c   0x00000028   Code   RO         4716    i.record_activate   ble_conn_state.o
    0x00038c64   0x00038c64   0x00000020   Code   RO         4717    i.record_invalidate  ble_conn_state.o
    0x00038c84   0x00038c84   0x00000048   Code   RO         4718    i.record_purge_disconnected  ble_conn_state.o
    0x00038ccc   0x00038ccc   0x00000014   Code   RO         4719    i.record_set_disconnected  ble_conn_state.o
    0x00038ce0   0x00038ce0   0x0000000c   Code   RO          842    i.reset_with_disconn_outtime_cb  lock_timer.o
    0x00038cec   0x00038cec   0x0000000c   Code   RO          843    i.reset_with_disconn_outtime_cb_handler  lock_timer.o
    0x00038cf8   0x00038cf8   0x00000006   Code   RO         8534    i.rmap              nrf_fstorage_sd.o
    0x00038cfe   0x00038cfe   0x00000006   Code   RO         8659    i.rmap              nrf_fstorage_nvmc.o
    0x00038d04   0x00038d04   0x0000000c   Code   RO         7286    i.rtc1_compare0_set  app_timer.o
    0x00038d10   0x00038d10   0x0000000c   Code   RO         7287    i.rtc1_counter_get  app_timer.o
    0x00038d1c   0x00038d1c   0x00000018   Code   RO         7288    i.rtc1_init         app_timer.o
    0x00038d34   0x00038d34   0x0000003c   Code   RO         7289    i.rtc1_start        app_timer.o
    0x00038d70   0x00038d70   0x00000058   Code   RO         7290    i.rtc1_stop         app_timer.o
    0x00038dc8   0x00038dc8   0x0000004c   Code   RO         3671    i.rtc2_config       nrfs_timer.o
    0x00038e14   0x00038e14   0x00000030   Code   RO         3672    i.rtc2_handler      nrfs_timer.o
    0x00038e44   0x00038e44   0x00000008   Code   RO         3673    i.rtc2_start        nrfs_timer.o
    0x00038e4c   0x00038e4c   0x0000003e   Code   RO         6323    i.rx_byte           nrfx_uart.o
    0x00038e8a   0x00038e8a   0x0000001c   Code   RO         6324    i.rx_done_event     nrfx_uart.o
    0x00038ea6   0x00038ea6   0x0000001c   Code   RO         6569    i.rx_done_event     nrfx_uarte.o
    0x00038ec2   0x00038ec2   0x00000022   Code   RO         6325    i.rx_enable         nrfx_uart.o
    0x00038ee4   0x00038ee4   0x00000174   Code   RO         3389    i.scan_evt_handler  nrfs_scan_adv.o
    0x00039058   0x00039058   0x00000098   Code   RO         9414    i.sd_nvic_EnableIRQ  nrf_sdh.o
    0x000390f0   0x000390f0   0x00000068   Code   RO         7583    i.sd_nvic_critical_region_enter  app_util_platform.o
    0x00039158   0x00039158   0x00000070   Code   RO         5397    i.sd_state_evt_handler  nrf_drv_clock.o
    0x000391c8   0x000391c8   0x0000003c   Code   RO         9415    i.sdh_request_observer_notify  nrf_sdh.o
    0x00039204   0x00039204   0x00000034   Code   RO         9416    i.sdh_state_observer_notify  nrf_sdh.o
    0x00039238   0x00039238   0x00000060   Code   RO         2690    i.sector_iterator   ef_env.o
    0x00039298   0x00039298   0x0000002e   Code   RO         2691    i.sector_statistics_cb  ef_env.o
    0x000392c6   0x000392c6   0x00000002   PAD
    0x000392c8   0x000392c8   0x00000018   Code   RO         4609    i.send_error_evt    ble_conn_params.o
    0x000392e0   0x000392e0   0x00000084   Code   RO         8755    i.serial_tx         nrf_log_backend_rtt.o
    0x00039364   0x00039364   0x00000018   Code   RO        10535    i.set_ble_receive_sn  tuya_ble_sdk_nRF52832.lib(tuya_ble_data_handler.o)
    0x0003937c   0x0003937c   0x00000094   Code   RO         2692    i.set_env           ef_env.o
    0x00039410   0x00039410   0x000000be   Code   RO         4909    i.set_security_req  ble_srv_common.o
    0x000394ce   0x000394ce   0x00000030   Code   RO         2693    i.set_status        ef_env.o
    0x000394fe   0x000394fe   0x00000002   PAD
    0x00039500   0x00039500   0x000000c4   Code   RO         9685    i.settings_backup   nrf_dfu_settings.o
    0x000395c4   0x000395c4   0x00000028   Code   RO         9686    i.settings_backup_crc_ok  nrf_dfu_settings.o
    0x000395ec   0x000395ec   0x00000010   Code   RO         9687    i.settings_crc_get  nrf_dfu_settings.o
    0x000395fc   0x000395fc   0x00000010   Code   RO         9688    i.settings_crc_ok   nrf_dfu_settings.o
    0x0003960c   0x0003960c   0x00000018   Code   RO         9689    i.settings_forbidden_parts_copy_from_backup  nrf_dfu_settings.o
    0x00039624   0x00039624   0x000000dc   Code   RO         9691    i.settings_write    nrf_dfu_settings.o
    0x00039700   0x00039700   0x0000001c   Code   RO         5398    i.soc_evt_handler   nrf_drv_clock.o
    0x0003971c   0x0003971c   0x0000006c   Code   RO         9417    i.softdevice_evt_irq_disable  nrf_sdh.o
    0x00039788   0x00039788   0x0000001e   Code   RO         9418    i.softdevices_evt_irq_enable  nrf_sdh.o
    0x000397a6   0x000397a6   0x0000006e   Code   RO        11753    i.sqrt              m_wm.l(sqrt.o)
    0x00039814   0x00039814   0x00000064   Code   RO         8912    i.std_header_set    nrf_log_frontend.o
    0x00039878   0x00039878   0x00000070   Code   RO         8913    i.std_n             nrf_log_frontend.o
    0x000398e8   0x000398e8   0x00000074   Code   RO         8068    i.string_print      nrf_fprintf_format.o
    0x0003995c   0x0003995c   0x00000010   Code   RO         1794    i.sys_settings_crc_get  tuya_ble_storage.o
    0x0003996c   0x0003996c   0x00000022   Code   RO         1795    i.sys_settings_crc_ok  tuya_ble_storage.o
    0x0003998e   0x0003998e   0x00000002   PAD
    0x00039990   0x00039990   0x000000e8   Code   RO          651    i.temp_pw_creat_handler  lock_dp_parser.o
    0x00039a78   0x00039a78   0x000000c4   Code   RO          652    i.temp_pw_delete_handler  lock_dp_parser.o
    0x00039b3c   0x00039b3c   0x000000d4   Code   RO          653    i.temp_pw_modify_handler  lock_dp_parser.o
    0x00039c10   0x00039c10   0x0000000a   Code   RO         7291    i.ticks_diff_get    app_timer.o
    0x00039c1a   0x00039c1a   0x0000000c   Code   RO         7292    i.timeout_handler_exec  app_timer.o
    0x00039c26   0x00039c26   0x00000002   PAD
    0x00039c28   0x00039c28   0x00000050   Code   RO         7293    i.timer_list_handler  app_timer.o
    0x00039c78   0x00039c78   0x0000000a   Code   RO         7294    i.timer_list_handler_sched  app_timer.o
    0x00039c82   0x00039c82   0x00000002   PAD
    0x00039c84   0x00039c84   0x00000068   Code   RO         7295    i.timer_list_insert  app_timer.o
    0x00039cec   0x00039cec   0x00000088   Code   RO         7296    i.timer_list_remove  app_timer.o
    0x00039d74   0x00039d74   0x00000064   Code   RO         7297    i.timer_start_op_schedule  app_timer.o
    0x00039dd8   0x00039dd8   0x00000044   Code   RO         7298    i.timer_stop_op_schedule  app_timer.o
    0x00039e1c   0x00039e1c   0x00000098   Code   RO         7299    i.timer_timeouts_check  app_timer.o
    0x00039eb4   0x00039eb4   0x0000000a   Code   RO         7300    i.timer_timeouts_check_sched  app_timer.o
    0x00039ebe   0x00039ebe   0x00000002   Code   RO         9093    i.timestamp_print   nrf_log_str_formatter.o
    0x00039ec0   0x00039ec0   0x0000000e   Code   RO        11296    i.trsmitr_init      tuya_ble_sdk_nRF52832.lib(tuya_ble_mutli_tsf_protocol.o)
    0x00039ece   0x00039ece   0x00000148   Code   RO        11297    i.trsmitr_recv_pkg_decode  tuya_ble_sdk_nRF52832.lib(tuya_ble_mutli_tsf_protocol.o)
    0x0003a016   0x0003a016   0x0000012e   Code   RO        11298    i.trsmitr_send_pkg_encode  tuya_ble_sdk_nRF52832.lib(tuya_ble_mutli_tsf_protocol.o)
    0x0003a144   0x0003a144   0x00000066   Code   RO        11083    i.tuya_ble_Add_Pkcs  tuya_ble_sdk_nRF52832.lib(tuya_ble_cryption_api.o)
    0x0003a1aa   0x0003a1aa   0x00000002   PAD
    0x0003a1ac   0x0003a1ac   0x0000013c   Code   RO        10723    i.tuya_ble_adv_change  tuya_ble_sdk_nRF52832.lib(tuya_ble_main.o)
    0x0003a2e8   0x0003a2e8   0x00000052   Code   RO         1913    i.tuya_ble_aes128_cbc_decrypt  tuya_ble_port_nrf52832.o
    0x0003a33a   0x0003a33a   0x00000052   Code   RO         1914    i.tuya_ble_aes128_cbc_encrypt  tuya_ble_port_nrf52832.o
    0x0003a38c   0x0003a38c   0x0000005e   Code   RO         1916    i.tuya_ble_aes128_ecb_encrypt  tuya_ble_port_nrf52832.o
    0x0003a3ea   0x0003a3ea   0x0000001c   Code   RO         1917    i.tuya_ble_app_production_test_process  tuya_ble_port_nrf52832.o
    0x0003a406   0x0003a406   0x00000002   PAD
    0x0003a408   0x0003a408   0x0000003c   Code   RO         9975    i.tuya_ble_callback_queue_register  tuya_ble_sdk_nRF52832.lib(tuya_ble_api.o)
    0x0003a444   0x0003a444   0x0000002c   Code   RO        10724    i.tuya_ble_cb_event_send  tuya_ble_sdk_nRF52832.lib(tuya_ble_main.o)
    0x0003a470   0x0003a470   0x0000022c   Code   RO        10536    i.tuya_ble_commData_send  tuya_ble_sdk_nRF52832.lib(tuya_ble_data_handler.o)
    0x0003a69c   0x0003a69c   0x00000178   Code   RO        10537    i.tuya_ble_commonData_rx_proc  tuya_ble_sdk_nRF52832.lib(tuya_ble_data_handler.o)
    0x0003a814   0x0003a814   0x00000002   Code   RO         9976    i.tuya_ble_connect_monitor_timer_init  tuya_ble_sdk_nRF52832.lib(tuya_ble_api.o)
    0x0003a816   0x0003a816   0x00000002   Code   RO         9977    i.tuya_ble_connect_monitor_timer_start  tuya_ble_sdk_nRF52832.lib(tuya_ble_api.o)
    0x0003a818   0x0003a818   0x00000002   Code   RO         9978    i.tuya_ble_connect_monitor_timer_stop  tuya_ble_sdk_nRF52832.lib(tuya_ble_api.o)
    0x0003a81a   0x0003a81a   0x00000002   PAD
    0x0003a81c   0x0003a81c   0x0000000c   Code   RO        10725    i.tuya_ble_connect_status_get  tuya_ble_sdk_nRF52832.lib(tuya_ble_main.o)
    0x0003a828   0x0003a828   0x00000018   Code   RO        10726    i.tuya_ble_connect_status_set  tuya_ble_sdk_nRF52832.lib(tuya_ble_main.o)
    0x0003a840   0x0003a840   0x0000001a   Code   RO         9979    i.tuya_ble_connected_handler  tuya_ble_sdk_nRF52832.lib(tuya_ble_api.o)
    0x0003a85a   0x0003a85a   0x00000002   PAD
    0x0003a85c   0x0003a85c   0x00000040   Code   RO        10903    i.tuya_ble_crc16_compute  tuya_ble_sdk_nRF52832.lib(tuya_ble_utils.o)
    0x0003a89c   0x0003a89c   0x0000004c   Code   RO        10904    i.tuya_ble_crc32_compute  tuya_ble_sdk_nRF52832.lib(tuya_ble_utils.o)
    0x0003a8e8   0x0003a8e8   0x00000030   Code   RO        10727    i.tuya_ble_custom_event_send  tuya_ble_sdk_nRF52832.lib(tuya_ble_main.o)
    0x0003a918   0x0003a918   0x000000a8   Code   RO        11084    i.tuya_ble_decryption  tuya_ble_sdk_nRF52832.lib(tuya_ble_cryption_api.o)
    0x0003a9c0   0x0003a9c0   0x0000000c   Code   RO         1918    i.tuya_ble_device_delay_ms  tuya_ble_port_nrf52832.o
    0x0003a9cc   0x0003a9cc   0x00000008   Code   RO         1920    i.tuya_ble_device_enter_critical  tuya_ble_port_nrf52832.o
    0x0003a9d4   0x0003a9d4   0x00000008   Code   RO         1921    i.tuya_ble_device_exit_critical  tuya_ble_port_nrf52832.o
    0x0003a9dc   0x0003a9dc   0x0000001c   Code   RO         9981    i.tuya_ble_device_factory_reset  tuya_ble_sdk_nRF52832.lib(tuya_ble_api.o)
    0x0003a9f8   0x0003a9f8   0x00000074   Code   RO        11085    i.tuya_ble_device_id_encrypt  tuya_ble_sdk_nRF52832.lib(tuya_ble_cryption_api.o)
    0x0003aa6c   0x0003aa6c   0x00000048   Code   RO        11086    i.tuya_ble_device_id_key_generate  tuya_ble_sdk_nRF52832.lib(tuya_ble_cryption_api.o)
    0x0003aab4   0x0003aab4   0x0000000a   Code   RO         1922    i.tuya_ble_device_reset  tuya_ble_port_nrf52832.o
    0x0003aabe   0x0003aabe   0x00000002   PAD
    0x0003aac0   0x0003aac0   0x00000028   Code   RO        10538    i.tuya_ble_device_unbond  tuya_ble_sdk_nRF52832.lib(tuya_ble_data_handler.o)
    0x0003aae8   0x0003aae8   0x0000001a   Code   RO         9985    i.tuya_ble_disconnected_handler  tuya_ble_sdk_nRF52832.lib(tuya_ble_api.o)
    0x0003ab02   0x0003ab02   0x00000078   Code   RO         9986    i.tuya_ble_dp_data_report  tuya_ble_sdk_nRF52832.lib(tuya_ble_api.o)
    0x0003ab7a   0x0003ab7a   0x00000080   Code   RO         9987    i.tuya_ble_dp_data_with_time_report  tuya_ble_sdk_nRF52832.lib(tuya_ble_api.o)
    0x0003abfa   0x0003abfa   0x00000052   Code   RO        11087    i.tuya_ble_encrypt_old_with_key  tuya_ble_sdk_nRF52832.lib(tuya_ble_cryption_api.o)
    0x0003ac4c   0x0003ac4c   0x0000007c   Code   RO        11088    i.tuya_ble_encryption  tuya_ble_sdk_nRF52832.lib(tuya_ble_cryption_api.o)
    0x0003acc8   0x0003acc8   0x00000020   Code   RO        10728    i.tuya_ble_event_init  tuya_ble_sdk_nRF52832.lib(tuya_ble_main.o)
    0x0003ace8   0x0003ace8   0x00000084   Code   RO        10729    i.tuya_ble_event_process  tuya_ble_sdk_nRF52832.lib(tuya_ble_main.o)
    0x0003ad6c   0x0003ad6c   0x00000018   Code   RO        11156    i.tuya_ble_event_queue_init  tuya_ble_sdk_nRF52832.lib(tuya_ble_event.o)
    0x0003ad84   0x0003ad84   0x00000024   Code   RO        10730    i.tuya_ble_event_send  tuya_ble_sdk_nRF52832.lib(tuya_ble_main.o)
    0x0003ada8   0x0003ada8   0x000000ee   Code   RO        10539    i.tuya_ble_evt_process  tuya_ble_sdk_nRF52832.lib(tuya_ble_data_handler.o)
    0x0003ae96   0x0003ae96   0x00000014   Code   RO        10866    i.tuya_ble_free     tuya_ble_sdk_nRF52832.lib(tuya_ble_mem.o)
    0x0003aeaa   0x0003aeaa   0x00000002   PAD
    0x0003aeac   0x0003aeac   0x0000002c   Code   RO         1924    i.tuya_ble_gap_advertising_adv_data_update  tuya_ble_port_nrf52832.o
    0x0003aed8   0x0003aed8   0x0000002c   Code   RO         1925    i.tuya_ble_gap_advertising_scan_rsp_data_update  tuya_ble_port_nrf52832.o
    0x0003af04   0x0003af04   0x0000001a   Code   RO         1926    i.tuya_ble_gap_disconnect  tuya_ble_port_nrf52832.o
    0x0003af1e   0x0003af1e   0x0000003e   Code   RO         9988    i.tuya_ble_gatt_receive_data  tuya_ble_sdk_nRF52832.lib(tuya_ble_api.o)
    0x0003af5c   0x0003af5c   0x0000002c   Code   RO         1927    i.tuya_ble_gatt_send_data  tuya_ble_port_nrf52832.o
    0x0003af88   0x0003af88   0x00000048   Code   RO        11089    i.tuya_ble_generate_key1  tuya_ble_sdk_nRF52832.lib(tuya_ble_cryption_api.o)
    0x0003afd0   0x0003afd0   0x00000062   Code   RO        10540    i.tuya_ble_handle_anomaly_unbond_req  tuya_ble_sdk_nRF52832.lib(tuya_ble_data_handler.o)
    0x0003b032   0x0003b032   0x0000001c   Code   RO        10731    i.tuya_ble_handle_ble_cmd_evt  tuya_ble_sdk_nRF52832.lib(tuya_ble_main.o)
    0x0003b04e   0x0003b04e   0x00000002   PAD
    0x0003b050   0x0003b050   0x000000a8   Code   RO        10541    i.tuya_ble_handle_ble_factory_test_req  tuya_ble_sdk_nRF52832.lib(tuya_ble_data_handler.o)
    0x0003b0f8   0x0003b0f8   0x0000004a   Code   RO        10542    i.tuya_ble_handle_ble_passthrough_data_req  tuya_ble_sdk_nRF52832.lib(tuya_ble_data_handler.o)
    0x0003b142   0x0003b142   0x00000002   PAD
    0x0003b144   0x0003b144   0x00000070   Code   RO        10732    i.tuya_ble_handle_connect_change_evt  tuya_ble_sdk_nRF52832.lib(tuya_ble_main.o)
    0x0003b1b4   0x0003b1b4   0x00000040   Code   RO        10733    i.tuya_ble_handle_data_passthrough_evt  tuya_ble_sdk_nRF52832.lib(tuya_ble_main.o)
    0x0003b1f4   0x0003b1f4   0x00000120   Code   RO        10543    i.tuya_ble_handle_dev_infor_req  tuya_ble_sdk_nRF52832.lib(tuya_ble_data_handler.o)
    0x0003b314   0x0003b314   0x0000006c   Code   RO        10734    i.tuya_ble_handle_device_info_update_evt  tuya_ble_sdk_nRF52832.lib(tuya_ble_main.o)
    0x0003b380   0x0003b380   0x00000074   Code   RO        10544    i.tuya_ble_handle_device_reset_req  tuya_ble_sdk_nRF52832.lib(tuya_ble_data_handler.o)
    0x0003b3f4   0x0003b3f4   0x0000001a   Code   RO        10545    i.tuya_ble_handle_dp_data_report_res  tuya_ble_sdk_nRF52832.lib(tuya_ble_data_handler.o)
    0x0003b40e   0x0003b40e   0x00000030   Code   RO        10735    i.tuya_ble_handle_dp_data_reported_evt  tuya_ble_sdk_nRF52832.lib(tuya_ble_main.o)
    0x0003b43e   0x0003b43e   0x0000001a   Code   RO        10546    i.tuya_ble_handle_dp_data_with_time_report_res  tuya_ble_sdk_nRF52832.lib(tuya_ble_data_handler.o)
    0x0003b458   0x0003b458   0x0000006c   Code   RO        10736    i.tuya_ble_handle_dp_data_with_time_reported_evt  tuya_ble_sdk_nRF52832.lib(tuya_ble_main.o)
    0x0003b4c4   0x0003b4c4   0x00000082   Code   RO        10547    i.tuya_ble_handle_dp_query_req  tuya_ble_sdk_nRF52832.lib(tuya_ble_data_handler.o)
    0x0003b546   0x0003b546   0x00000002   PAD
    0x0003b548   0x0003b548   0x000000e8   Code   RO        10548    i.tuya_ble_handle_dp_write_req  tuya_ble_sdk_nRF52832.lib(tuya_ble_data_handler.o)
    0x0003b630   0x0003b630   0x0000001c   Code   RO        10737    i.tuya_ble_handle_factory_reset_evt  tuya_ble_sdk_nRF52832.lib(tuya_ble_main.o)
    0x0003b64c   0x0003b64c   0x000000ae   Code   RO        10549    i.tuya_ble_handle_net_config_info_req  tuya_ble_sdk_nRF52832.lib(tuya_ble_data_handler.o)
    0x0003b6fa   0x0003b6fa   0x00000032   Code   RO        10738    i.tuya_ble_handle_net_config_response_evt  tuya_ble_sdk_nRF52832.lib(tuya_ble_main.o)
    0x0003b72c   0x0003b72c   0x0000007c   Code   RO        10550    i.tuya_ble_handle_ota_req  tuya_ble_sdk_nRF52832.lib(tuya_ble_data_handler.o)
    0x0003b7a8   0x0003b7a8   0x0000005a   Code   RO        10739    i.tuya_ble_handle_ota_response_evt  tuya_ble_sdk_nRF52832.lib(tuya_ble_main.o)
    0x0003b802   0x0003b802   0x00000002   PAD
    0x0003b804   0x0003b804   0x00000100   Code   RO        10551    i.tuya_ble_handle_pair_req  tuya_ble_sdk_nRF52832.lib(tuya_ble_data_handler.o)
    0x0003b904   0x0003b904   0x000000c4   Code   RO        10740    i.tuya_ble_handle_uart_cmd_evt  tuya_ble_sdk_nRF52832.lib(tuya_ble_main.o)
    0x0003b9c8   0x0003b9c8   0x00000062   Code   RO        10552    i.tuya_ble_handle_unbond_req  tuya_ble_sdk_nRF52832.lib(tuya_ble_data_handler.o)
    0x0003ba2a   0x0003ba2a   0x00000002   PAD
    0x0003ba2c   0x0003ba2c   0x0000008c   Code   RO        10553    i.tuya_ble_handle_unix_time_char_ms_resp  tuya_ble_sdk_nRF52832.lib(tuya_ble_data_handler.o)
    0x0003bab8   0x0003bab8   0x00000054   Code   RO        10910    i.tuya_ble_hextoascii  tuya_ble_sdk_nRF52832.lib(tuya_ble_utils.o)
    0x0003bb0c   0x0003bb0c   0x00000070   Code   RO        10741    i.tuya_ble_inter_event_response  tuya_ble_sdk_nRF52832.lib(tuya_ble_main.o)
    0x0003bb7c   0x0003bb7c   0x00000010   Code   RO        10911    i.tuya_ble_is_word_aligned_tuya  tuya_ble_sdk_nRF52832.lib(tuya_ble_utils.o)
    0x0003bb8c   0x0003bb8c   0x0000018c   Code   RO        11090    i.tuya_ble_key_generate  tuya_ble_sdk_nRF52832.lib(tuya_ble_cryption_api.o)
    0x0003bd18   0x0003bd18   0x00000020   Code   RO        10554    i.tuya_ble_lock_test_rsp  tuya_ble_sdk_nRF52832.lib(tuya_ble_data_handler.o)
    0x0003bd38   0x0003bd38   0x00000008   Code   RO        10742    i.tuya_ble_main_tasks_exec  tuya_ble_sdk_nRF52832.lib(tuya_ble_main.o)
    0x0003bd40   0x0003bd40   0x0000001a   Code   RO        10868    i.tuya_ble_malloc   tuya_ble_sdk_nRF52832.lib(tuya_ble_mem.o)
    0x0003bd5a   0x0003bd5a   0x00000034   Code   RO         1928    i.tuya_ble_md5_crypt  tuya_ble_port_nrf52832.o
    0x0003bd8e   0x0003bd8e   0x00000002   PAD
    0x0003bd90   0x0003bd90   0x00000014   Code   RO        11157    i.tuya_ble_message_send  tuya_ble_sdk_nRF52832.lib(tuya_ble_event.o)
    0x0003bda4   0x0003bda4   0x00000028   Code   RO         1929    i.tuya_ble_nv_erase  tuya_ble_port_nrf52832.o
    0x0003bdcc   0x0003bdcc   0x00000004   Code   RO         1930    i.tuya_ble_nv_init  tuya_ble_port_nrf52832.o
    0x0003bdd0   0x0003bdd0   0x00000020   Code   RO         1931    i.tuya_ble_nv_read  tuya_ble_port_nrf52832.o
    0x0003bdf0   0x0003bdf0   0x00000022   Code   RO         1932    i.tuya_ble_nv_write  tuya_ble_port_nrf52832.o
    0x0003be12   0x0003be12   0x00000002   PAD
    0x0003be14   0x0003be14   0x00000078   Code   RO         9990    i.tuya_ble_ota_response  tuya_ble_sdk_nRF52832.lib(tuya_ble_api.o)
    0x0003be8c   0x0003be8c   0x0000000c   Code   RO        10555    i.tuya_ble_ota_status_get  tuya_ble_sdk_nRF52832.lib(tuya_ble_data_handler.o)
    0x0003be98   0x0003be98   0x00000024   Code   RO        10557    i.tuya_ble_pair_rand_clear  tuya_ble_sdk_nRF52832.lib(tuya_ble_data_handler.o)
    0x0003bebc   0x0003bebc   0x0000000c   Code   RO        10558    i.tuya_ble_pair_rand_valid_get  tuya_ble_sdk_nRF52832.lib(tuya_ble_data_handler.o)
    0x0003bec8   0x0003bec8   0x00000050   Code   RO         1933    i.tuya_ble_rand_generator  tuya_ble_port_nrf52832.o
    0x0003bf18   0x0003bf18   0x00000020   Code   RO        10559    i.tuya_ble_reset_ble_sn  tuya_ble_sdk_nRF52832.lib(tuya_ble_data_handler.o)
    0x0003bf38   0x0003bf38   0x00000080   Code   RO        11158    i.tuya_ble_sched_event_put  tuya_ble_sdk_nRF52832.lib(tuya_ble_event.o)
    0x0003bfb8   0x0003bfb8   0x00000044   Code   RO        11159    i.tuya_ble_sched_init  tuya_ble_sdk_nRF52832.lib(tuya_ble_event.o)
    0x0003bffc   0x0003bffc   0x0000011c   Code   RO         9991    i.tuya_ble_sdk_init  tuya_ble_sdk_nRF52832.lib(tuya_ble_api.o)
    0x0003c118   0x0003c118   0x00000014   Code   RO        10560    i.tuya_ble_set_device_version  tuya_ble_sdk_nRF52832.lib(tuya_ble_data_handler.o)
    0x0003c12c   0x0003c12c   0x00000044   Code   RO         1796    i.tuya_ble_storage_init  tuya_ble_storage.o
    0x0003c170   0x0003c170   0x000000e0   Code   RO         1797    i.tuya_ble_storage_load_settings  tuya_ble_storage.o
    0x0003c250   0x0003c250   0x00000074   Code   RO         1799    i.tuya_ble_storage_save_auth_settings  tuya_ble_storage.o
    0x0003c2c4   0x0003c2c4   0x00000074   Code   RO         1800    i.tuya_ble_storage_save_sys_settings  tuya_ble_storage.o
    0x0003c338   0x0003c338   0x00000022   Code   RO         1936    i.tuya_ble_timer_create  tuya_ble_port_nrf52832.o
    0x0003c35a   0x0003c35a   0x00000014   Code   RO         1938    i.tuya_ble_timer_start  tuya_ble_port_nrf52832.o
    0x0003c36e   0x0003c36e   0x00000014   Code   RO         1939    i.tuya_ble_timer_stop  tuya_ble_port_nrf52832.o
    0x0003c382   0x0003c382   0x0000006c   Code   RO        11057    i.tuya_ble_uart_common_process  tuya_ble_sdk_nRF52832.lib(tuya_ble_app_uart_common_handler.o)
    0x0003c3ee   0x0003c3ee   0x00000002   PAD
    0x0003c3f0   0x0003c3f0   0x00000190   Code   RO         9992    i.tuya_ble_uart_data_unpack  tuya_ble_sdk_nRF52832.lib(tuya_ble_api.o)
    0x0003c580   0x0003c580   0x00000004   Code   RO         1940    i.tuya_ble_uart_init  tuya_ble_port_nrf52832.o
    0x0003c584   0x0003c584   0x000000a0   Code   RO         9993    i.tuya_ble_uart_receive_data  tuya_ble_sdk_nRF52832.lib(tuya_ble_api.o)
    0x0003c624   0x0003c624   0x00000018   Code   RO         1941    i.tuya_ble_uart_send_data  tuya_ble_port_nrf52832.o
    0x0003c63c   0x0003c63c   0x00000064   Code   RO        11161    i.tuya_sched_execute  tuya_ble_sdk_nRF52832.lib(tuya_ble_event.o)
    0x0003c6a0   0x0003c6a0   0x00000036   Code   RO         6326    i.tx_blocking       nrfx_uart.o
    0x0003c6d6   0x0003c6d6   0x00000026   Code   RO         6327    i.tx_byte           nrfx_uart.o
    0x0003c6fc   0x0003c6fc   0x00000020   Code   RO         6328    i.tx_done_event     nrfx_uart.o
    0x0003c71c   0x0003c71c   0x00000020   Code   RO         6570    i.tx_done_event     nrfx_uarte.o
    0x0003c73c   0x0003c73c   0x0000003a   Code   RO         2220    i.ty_string_op_hex2hexstr  cpt_string_op.o
    0x0003c776   0x0003c776   0x000000aa   Code   RO         2221    i.ty_string_op_hex2int  cpt_string_op.o
    0x0003c820   0x0003c820   0x00000046   Code   RO         2222    i.ty_string_op_hexstr2hex  cpt_string_op.o
    0x0003c866   0x0003c866   0x0000005e   Code   RO         2224    i.ty_string_op_int2hex  cpt_string_op.o
    0x0003c8c4   0x0003c8c4   0x000000b4   Code   RO         3618    i.uart_event_handle  nrfs_uart.o
    0x0003c978   0x0003c978   0x000000d4   Code   RO         7496    i.uart_event_handler  app_uart_fifo.o
    0x0003ca4c   0x0003ca4c   0x00000038   Code   RO         5543    i.uart_evt_handler  nrf_drv_uart.o
    0x0003ca84   0x0003ca84   0x0000014c   Code   RO         6329    i.uart_irq_handler  nrfx_uart.o
    0x0003cbd0   0x0003cbd0   0x00000038   Code   RO         5544    i.uarte_evt_handler  nrf_drv_uart.o
    0x0003cc08   0x0003cc08   0x00000104   Code   RO         6571    i.uarte_irq_handler  nrfx_uarte.o
    0x0003cd0c   0x0003cd0c   0x0000000c   Code   RO         4910    i.uint16_decode     ble_srv_common.o
    0x0003cd18   0x0003cd18   0x00000024   Code   RO         8535    i.uninit            nrf_fstorage_sd.o
    0x0003cd3c   0x0003cd3c   0x00000014   Code   RO         8660    i.uninit            nrf_fstorage_nvmc.o
    0x0003cd50   0x0003cd50   0x000000b8   Code   RO         8069    i.unsigned_print    nrf_fprintf_format.o
    0x0003ce08   0x0003ce08   0x00000104   Code   RO         2694    i.update_env_cache  ef_env.o
    0x0003cf0c   0x0003cf0c   0x00000060   Code   RO         2695    i.update_sec_status  ef_env.o
    0x0003cf6c   0x0003cf6c   0x00000074   Code   RO         2696    i.update_sector_cache  ef_env.o
    0x0003cfe0   0x0003cfe0   0x0000002a   Code   RO          654    i.user_freeze_or_unfreeze_handler  lock_dp_parser.o
    0x0003d00a   0x0003d00a   0x00000002   PAD
    0x0003d00c   0x0003d00c   0x0000003c   Code   RO         7301    i.user_op_alloc     app_timer.o
    0x0003d048   0x0003d048   0x0000000c   Code   RO         7302    i.user_op_enque     app_timer.o
    0x0003d054   0x0003d054   0x00000048   Code   RO        11219    i.vTuyaPortFree     tuya_ble_sdk_nRF52832.lib(tuya_ble_heap.o)
    0x0003d09c   0x0003d09c   0x00000168   Code   RO          955    i.verify_dynamic_pwd_token  lock_dynamic_pwd.o
    0x0003d204   0x0003d204   0x00000010   Code   RO         6917    i.wait_for_flash_ready  nrf_nvmc.o
    0x0003d214   0x0003d214   0x00000006   Code   RO         8536    i.wmap              nrf_fstorage_sd.o
    0x0003d21a   0x0003d21a   0x00000006   Code   RO         8661    i.wmap              nrf_fstorage_nvmc.o
    0x0003d220   0x0003d220   0x00000054   Code   RO         8537    i.write             nrf_fstorage_sd.o
    0x0003d274   0x0003d274   0x00000054   Code   RO         8662    i.write             nrf_fstorage_nvmc.o
    0x0003d2c8   0x0003d2c8   0x00000030   Code   RO         2697    i.write_env_hdr     ef_env.o
    0x0003d2f8   0x0003d2f8   0x00000054   Code   RO         8538    i.write_execute     nrf_fstorage_sd.o
    0x0003d34c   0x0003d34c   0x000000c0   Code   RO         2698    i.write_status      ef_env.o
    0x0003d40c   0x0003d40c   0x00000044   Data   RO            9    .constdata          lock_common.o
    0x0003d450   0x0003d450   0x00000018   Data   RO          565    .constdata          lock_hard.o
    0x0003d468   0x0003d468   0x000000c4   Data   RO          656    .constdata          lock_dp_parser.o
    0x0003d52c   0x0003d52c   0x00000020   Data   RO          845    .constdata          lock_timer.o
    0x0003d54c   0x0003d54c   0x0000002a   Data   RO          956    .constdata          lock_dynamic_pwd.o
    0x0003d576   0x0003d576   0x0000003b   Data   RO         1009    .constdata          lock_test.o
    0x0003d5b1   0x0003d5b1   0x00000021   Data   RO         1058    .constdata          app_common.o
    0x0003d5d2   0x0003d5d2   0x00000083   Data   RO         1323    .constdata          app_ota.o
    0x0003d655   0x0003d655   0x00000014   Data   RO         1417    .constdata          app_test.o
    0x0003d669   0x0003d669   0x00000049   Data   RO         1534    .constdata          app_port.o
    0x0003d6b2   0x0003d6b2   0x00000032   Data   RO         1805    .constdata          tuya_ble_storage.o
    0x0003d6e4   0x0003d6e4   0x00000004   Data   RO         2163    .constdata          cpt_math.o
    0x0003d6e8   0x0003d6e8   0x00000010   Data   RO         2353    .constdata          sha1.o
    0x0003d6f8   0x0003d6f8   0x00002228   Data   RO         2402    .constdata          aes.o
    0x0003f920   0x0003f920   0x00000065   Data   RO         2700    .constdata          ef_env.o
    0x0003f985   0x0003f985   0x00000003   PAD
    0x0003f988   0x0003f988   0x00000400   Data   RO         2968    .constdata          ef_utils.o
    0x0003fd88   0x0003fd88   0x00000041   Data   RO         3003    .constdata          ef_port.o
    0x0003fdc9   0x0003fdc9   0x0000008c   Data   RO         3094    .constdata          elog.o
    0x0003fe55   0x0003fe55   0x00000023   Data   RO         3217    .constdata          elog_utils.o
    0x0003fe78   0x0003fe78   0x0000002e   Data   RO         3391    .constdata          nrfs_scan_adv.o
    0x0003fea6   0x0003fea6   0x00000026   Data   RO         3486    .constdata          nrfs_ble.o
    0x0003fecc   0x0003fecc   0x00000013   Data   RO         3580    .constdata          nrfs_svc.o
    0x0003fedf   0x0003fedf   0x00000001   PAD
    0x0003fee0   0x0003fee0   0x0000002c   Data   RO         3620    .constdata          nrfs_uart.o
    0x0003ff0c   0x0003ff0c   0x00000004   PAD
    0x0003ff10   0x0003ff10   0x00000052   Data   RO         3675    .constdata          nrfs_timer.o
    0x0003ff62   0x0003ff62   0x0000000e   PAD
    0x0003ff70   0x0003ff70   0x0000003d   Data   RO         3799    .constdata          nrfs_flash.o
    0x0003ffad   0x0003ffad   0x00000018   Data   RO         3915    .constdata          main.o
    0x0003ffc5   0x0003ffc5   0x00000003   PAD
    0x0003ffc8   0x0003ffc8   0x00000016   Data   RO         4986    .constdata          nrf_ble_gatt.o
    0x0003ffde   0x0003ffde   0x00000002   PAD
    0x0003ffe0   0x0003ffe0   0x00000010   Data   RO         5321    .constdata          ble_nus.o
    0x0003fff0   0x0003fff0   0x0000003e   Data   RO         5967    .constdata          nrfx_gpiote.o
    0x0004002e   0x0004002e   0x00000002   PAD
    0x00040030   0x00040030   0x0000002e   Data   RO         6331    .constdata          nrfx_uart.o
    0x0004005e   0x0004005e   0x00000002   PAD
    0x00040060   0x00040060   0x00000030   Data   RO         6573    .constdata          nrfx_uarte.o
    0x00040090   0x00040090   0x00000006   Data   RO         7304    .constdata          app_timer.o
    0x00040096   0x00040096   0x00000002   PAD
    0x00040098   0x00040098   0x00000020   Data   RO         7498    .constdata          app_uart_fifo.o
    0x000400b8   0x000400b8   0x00000010   Data   RO         8070    .constdata          nrf_fprintf_format.o
    0x000400c8   0x000400c8   0x00000024   Data   RO         8184    .constdata          nrf_pwr_mgmt.o
    0x000400ec   0x000400ec   0x0000013c   Data   RO         8359    .constdata          nrf_strerror.o
    0x00040228   0x00040228   0x0000005e   Data   RO         8438    .constdata          nrf_fstorage.o
    0x00040286   0x00040286   0x00000002   PAD
    0x00040288   0x00040288   0x00000030   Data   RO         8540    .constdata          nrf_fstorage_sd.o
    0x000402b8   0x000402b8   0x0000002c   Data   RO         8663    .constdata          nrf_fstorage_nvmc.o
    0x000402e4   0x000402e4   0x0000000c   PAD
    0x000402f0   0x000402f0   0x00000016   Data   RO         8757    .constdata          nrf_log_backend_rtt.o
    0x00040306   0x00040306   0x00000002   PAD
    0x00040308   0x00040308   0x0000000c   Data   RO         8915    .constdata          nrf_log_frontend.o
    0x00040314   0x00040314   0x00000058   Data   RO         9419    .constdata          nrf_sdh.o
    0x0004036c   0x0004036c   0x00000030   Data   RO         9534    .constdata          nrf_sdh_ble.o
    0x0004039c   0x0004039c   0x0000001c   Data   RO         9589    .constdata          nrf_sdh_soc.o
    0x000403b8   0x000403b8   0x0000003a   Data   RO        10744    .constdata          tuya_ble_sdk_nRF52832.lib(tuya_ble_main.o)
    0x000403f2   0x000403f2   0x00000002   PAD
    0x000403f4   0x000403f4   0x00000004   Data   RO        10920    .constdata          tuya_ble_sdk_nRF52832.lib(tuya_ble_utils.o)
    0x000403f8   0x000403f8   0x00000088   Data   RO        11384    .constdata          m_wm.l(pow.o)
    0x00040480   0x00040480   0x00000081   Data   RO        11403    .constdata          mc_w.l(ctype_o.o)
    0x00040501   0x00040501   0x00000003   PAD
    0x00040504   0x00040504   0x00000004   Data   RO        11404    .constdata          mc_w.l(ctype_o.o)
    0x00040508   0x00040508   0x00000008   Data   RO        11750    .constdata          m_wm.l(qnan.o)
    0x00040510   0x00040510   0x00000046   Data   RO           10    .conststring        lock_common.o
    0x00040556   0x00040556   0x00000002   PAD
    0x00040558   0x00040558   0x00000044   Data   RO          566    .conststring        lock_hard.o
    0x0004059c   0x0004059c   0x00000049   Data   RO          657    .conststring        lock_dp_parser.o
    0x000405e5   0x000405e5   0x00000003   PAD
    0x000405e8   0x000405e8   0x00000045   Data   RO          846    .conststring        lock_timer.o
    0x0004062d   0x0004062d   0x00000003   PAD
    0x00040630   0x00040630   0x0000004b   Data   RO          957    .conststring        lock_dynamic_pwd.o
    0x0004067b   0x0004067b   0x00000001   PAD
    0x0004067c   0x0004067c   0x00000044   Data   RO         1010    .conststring        lock_test.o
    0x000406c0   0x000406c0   0x00000047   Data   RO         1059    .conststring        app_common.o
    0x00040707   0x00040707   0x00000001   PAD
    0x00040708   0x00040708   0x00000044   Data   RO         1324    .conststring        app_ota.o
    0x0004074c   0x0004074c   0x00000045   Data   RO         1418    .conststring        app_test.o
    0x00040791   0x00040791   0x00000003   PAD
    0x00040794   0x00040794   0x00000045   Data   RO         1535    .conststring        app_port.o
    0x000407d9   0x000407d9   0x00000003   PAD
    0x000407dc   0x000407dc   0x00000049   Data   RO         2620    .conststring        easyflash.o
    0x00040825   0x00040825   0x00000003   PAD
    0x00040828   0x00040828   0x00000176   Data   RO         2701    .conststring        ef_env.o
    0x0004099e   0x0004099e   0x00000002   PAD
    0x000409a0   0x000409a0   0x0000006f   Data   RO         3004    .conststring        ef_port.o
    0x00040a0f   0x00040a0f   0x00000001   PAD
    0x00040a10   0x00040a10   0x0000005d   Data   RO         3095    .conststring        elog.o
    0x00040a6d   0x00040a6d   0x00000003   PAD
    0x00040a70   0x00040a70   0x0000004b   Data   RO         3218    .conststring        elog_utils.o
    0x00040abb   0x00040abb   0x00000001   PAD
    0x00040abc   0x00040abc   0x0000004c   Data   RO         3487    .conststring        nrfs_ble.o
    0x00040b08   0x00040b08   0x0000005b   Data   RO         3800    .conststring        nrfs_flash.o
    0x00040b63   0x00040b63   0x00000001   PAD
    0x00040b64   0x00040b64   0x000000a2   Data   RO         4987    .conststring        nrf_ble_gatt.o
    0x00040c06   0x00040c06   0x00000002   PAD
    0x00040c08   0x00040c08   0x000003eb   Data   RO         8360    .conststring        nrf_strerror.o
    0x00040ff3   0x00040ff3   0x00000001   PAD
    0x00040ff4   0x00040ff4   0x0000004f   Data   RO         8439    .conststring        nrf_fstorage.o
    0x00041043   0x00041043   0x00000001   PAD
    0x00041044   0x00041044   0x00000066   Data   RO         9094    .conststring        nrf_log_str_formatter.o
    0x000410aa   0x000410aa   0x00000002   PAD
    0x000410ac   0x000410ac   0x00000188   Data   RO         9535    .conststring        nrf_sdh_ble.o
    0x00041234   0x00041234   0x000000bd   Data   RO         9696    .conststring        nrf_dfu_settings.o
    0x000412f1   0x000412f1   0x00000003   PAD
    0x000412f4   0x000412f4   0x0000000d   Data   RO         4988    .conststrlit        nrf_ble_gatt.o
    0x00041301   0x00041301   0x00000003   PAD
    0x00041304   0x00041304   0x00000009   Data   RO         5171    .conststrlit        nrf_ble_scan.o
    0x0004130d   0x0004130d   0x00000003   PAD
    0x00041310   0x00041310   0x00000008   Data   RO         5322    .conststrlit        ble_nus.o
    0x00041318   0x00041318   0x00000006   Data   RO         5401    .conststrlit        nrf_drv_clock.o
    0x0004131e   0x0004131e   0x00000002   PAD
    0x00041320   0x00041320   0x00000006   Data   RO         5762    .conststrlit        nrfx_clock.o
    0x00041326   0x00041326   0x00000002   PAD
    0x00041328   0x00041328   0x00000007   Data   RO         5968    .conststrlit        nrfx_gpiote.o
    0x0004132f   0x0004132f   0x00000001   PAD
    0x00041330   0x00041330   0x00000004   Data   RO         6243    .conststrlit        nrfx_prs.o
    0x00041334   0x00041334   0x00000005   Data   RO         6332    .conststrlit        nrfx_uart.o
    0x00041339   0x00041339   0x00000003   PAD
    0x0004133c   0x0004133c   0x00000006   Data   RO         6574    .conststrlit        nrfx_uarte.o
    0x00041342   0x00041342   0x00000002   PAD
    0x00041344   0x00041344   0x00000004   Data   RO         6779    .conststrlit        nrfx_rtc.o
    0x00041348   0x00041348   0x00000009   Data   RO         8185    .conststrlit        nrf_pwr_mgmt.o
    0x00041351   0x00041351   0x00000003   PAD
    0x00041354   0x00041354   0x0000000d   Data   RO         8440    .conststrlit        nrf_fstorage.o
    0x00041361   0x00041361   0x00000003   PAD
    0x00041364   0x00041364   0x00000010   Data   RO         8849    .conststrlit        nrf_log_default_backends.o
    0x00041374   0x00041374   0x00000004   Data   RO         8916    .conststrlit        nrf_log_frontend.o
    0x00041378   0x00041378   0x00000008   Data   RO         9420    .conststrlit        nrf_sdh.o
    0x00041380   0x00041380   0x0000000c   Data   RO         9536    .conststrlit        nrf_sdh_ble.o
    0x0004138c   0x0004138c   0x0000000c   Data   RO         9590    .conststrlit        nrf_sdh_soc.o
    0x00041398   0x00041398   0x0000000e   Data   RO         9626    .conststrlit        nrf_dfu_flash.o
    0x000413a6   0x000413a6   0x00000002   PAD
    0x000413a8   0x000413a8   0x00000011   Data   RO         9697    .conststrlit        nrf_dfu_settings.o
    0x000413b9   0x000413b9   0x00000003   PAD
    0x000413bc   0x000413bc   0x00000020   Data   RO        11819    Region$$Table       anon$$obj.o
    0x000413dc   0x000413dc   0x00000010   Data   RO         8851    log_backends        nrf_log_default_backends.o
    0x000413ec   0x000413ec   0x00000008   Data   RO         4989    log_const_data      nrf_ble_gatt.o
    0x000413f4   0x000413f4   0x00000008   Data   RO         5172    log_const_data      nrf_ble_scan.o
    0x000413fc   0x000413fc   0x00000008   Data   RO         5323    log_const_data      ble_nus.o
    0x00041404   0x00041404   0x00000008   Data   RO         5403    log_const_data      nrf_drv_clock.o
    0x0004140c   0x0004140c   0x00000008   Data   RO         5764    log_const_data      nrfx_clock.o
    0x00041414   0x00041414   0x00000008   Data   RO         5970    log_const_data      nrfx_gpiote.o
    0x0004141c   0x0004141c   0x00000008   Data   RO         6245    log_const_data      nrfx_prs.o
    0x00041424   0x00041424   0x00000008   Data   RO         6334    log_const_data      nrfx_uart.o
    0x0004142c   0x0004142c   0x00000008   Data   RO         6576    log_const_data      nrfx_uarte.o
    0x00041434   0x00041434   0x00000008   Data   RO         6781    log_const_data      nrfx_rtc.o
    0x0004143c   0x0004143c   0x00000008   Data   RO         8187    log_const_data      nrf_pwr_mgmt.o
    0x00041444   0x00041444   0x00000008   Data   RO         8441    log_const_data      nrf_fstorage.o
    0x0004144c   0x0004144c   0x00000008   Data   RO         8918    log_const_data      nrf_log_frontend.o
    0x00041454   0x00041454   0x00000008   Data   RO         9422    log_const_data      nrf_sdh.o
    0x0004145c   0x0004145c   0x00000008   Data   RO         9538    log_const_data      nrf_sdh_ble.o
    0x00041464   0x00041464   0x00000008   Data   RO         9591    log_const_data      nrf_sdh_soc.o
    0x0004146c   0x0004146c   0x00000008   Data   RO         9629    log_const_data      nrf_dfu_flash.o
    0x00041474   0x00041474   0x00000008   Data   RO         9699    log_const_data      nrf_dfu_settings.o
    0x0004147c   0x0004147c   0x00000014   Data   RO         8919    nrf_balloc          nrf_log_frontend.o
    0x00041490   0x00041490   0x00000008   Data   RO         4723    sdh_ble_observers0  ble_conn_state.o
    0x00041498   0x00041498   0x00000008   Data   RO         3393    sdh_ble_observers1  nrfs_scan_adv.o
    0x000414a0   0x000414a0   0x00000008   Data   RO         3489    sdh_ble_observers1  nrfs_ble.o
    0x000414a8   0x000414a8   0x00000008   Data   RO         4215    sdh_ble_observers1  bsp_btn_ble.o
    0x000414b0   0x000414b0   0x00000008   Data   RO         4614    sdh_ble_observers1  ble_conn_params.o
    0x000414b8   0x000414b8   0x00000008   Data   RO         3582    sdh_ble_observers2  nrfs_svc.o
    0x000414c0   0x000414c0   0x00000008   Data   RO         3490    sdh_ble_observers3  nrfs_ble.o
    0x000414c8   0x000414c8   0x00000008   Data   RO         8542    sdh_req_observers0  nrf_fstorage_sd.o
    0x000414d0   0x000414d0   0x00000008   Data   RO         5404    sdh_soc_observers0  nrf_drv_clock.o
    0x000414d8   0x000414d8   0x00000008   Data   RO         8543    sdh_soc_observers0  nrf_fstorage_sd.o
    0x000414e0   0x000414e0   0x00000008   Data   RO         9539    sdh_stack_observers0  nrf_sdh_ble.o
    0x000414e8   0x000414e8   0x00000008   Data   RO         9592    sdh_stack_observers0  nrf_sdh_soc.o
    0x000414f0   0x000414f0   0x00000008   Data   RO         5405    sdh_state_observers0  nrf_drv_clock.o
    0x000414f8   0x000414f8   0x00000008   Data   RO         8544    sdh_state_observers0  nrf_fstorage_sd.o


    Execution Region RW_IRAM1 (Exec base: 0x20002a98, Load base: 0x00041500, Size: 0x00007088, Max: 0x0000d568, ABSOLUTE, COMPRESSED[0x000000d0])

    Exec Addr    Load Addr    Size         Type   Attr      Idx    E Section Name        Object

    0x20002a98   COMPRESSED   0x00000002   Data   RW           11    .data               lock_common.o
    0x20002a9a   COMPRESSED   0x00000002   PAD
    0x20002a9c   COMPRESSED   0x00000008   Data   RW          751    .data               lock_dp_report.o
    0x20002aa4   COMPRESSED   0x00000004   Data   RW         1011    .data               lock_test.o
    0x20002aa8   COMPRESSED   0x00000060   Data   RW         1060    .data               app_common.o
    0x20002b08   COMPRESSED   0x00000015   Data   RW         1139    .data               app_flash.o
    0x20002b1d   COMPRESSED   0x00000003   PAD
    0x20002b20   COMPRESSED   0x00000011   Data   RW         1325    .data               app_ota.o
    0x20002b31   COMPRESSED   0x00000001   PAD
    0x20002b32   COMPRESSED   0x00000006   Data   RW         1419    .data               app_test.o
    0x20002b38   COMPRESSED   0x00000004   Data   RW         2588    .data               platform_util.o
    0x20002b3c   COMPRESSED   0x00000014   Data   RW         2702    .data               ef_env.o
    0x20002b50   COMPRESSED   0x0000001c   Data   RW         3096    .data               elog.o
    0x20002b6c   COMPRESSED   0x00000001   Data   RW         3250    .data               elog_port.o
    0x20002b6d   COMPRESSED   0x00000001   Data   RW         3325    .data               nrfs_common.o
    0x20002b6e   COMPRESSED   0x00000002   PAD
    0x20002b70   COMPRESSED   0x0000006e   Data   RW         3392    .data               nrfs_scan_adv.o
    0x20002bde   COMPRESSED   0x00000016   Data   RW         3488    .data               nrfs_ble.o
    0x20002bf4   COMPRESSED   0x0000002c   Data   RW         3581    .data               nrfs_svc.o
    0x20002c20   COMPRESSED   0x00000014   Data   RW         3676    .data               nrfs_timer.o
    0x20002c34   COMPRESSED   0x00000008   Data   RW         3801    .data               nrfs_flash.o
    0x20002c3c   COMPRESSED   0x0000000c   Data   RW         4214    .data               bsp_btn_ble.o
    0x20002c48   COMPRESSED   0x00000008   Data   RW         4613    .data               ble_conn_params.o
    0x20002c50   COMPRESSED   0x00000001   Data   RW         5402    .data               nrf_drv_clock.o
    0x20002c51   COMPRESSED   0x00000003   PAD
    0x20002c54   COMPRESSED   0x0000000d   Data   RW         5545    .data               nrf_drv_uart.o
    0x20002c61   COMPRESSED   0x00000003   PAD
    0x20002c64   COMPRESSED   0x0000000c   Data   RW         5763    .data               nrfx_clock.o
    0x20002c70   COMPRESSED   0x0000000c   Data   RW         6244    .data               nrfx_prs.o
    0x20002c7c   COMPRESSED   0x0000000b   Data   RW         6780    .data               nrfx_rtc.o
    0x20002c87   COMPRESSED   0x00000001   PAD
    0x20002c88   COMPRESSED   0x00000018   Data   RW         7305    .data               app_timer.o
    0x20002ca0   COMPRESSED   0x0000001f   Data   RW         7499    .data               app_uart_fifo.o
    0x20002cbf   COMPRESSED   0x00000001   Data   RW         7985    .data               nrf_balloc.o
    0x20002cc0   COMPRESSED   0x00000009   Data   RW         8186    .data               nrf_pwr_mgmt.o
    0x20002cc9   COMPRESSED   0x00000003   PAD
    0x20002ccc   COMPRESSED   0x0000000c   Data   RW         8541    .data               nrf_fstorage_sd.o
    0x20002cd8   COMPRESSED   0x00000008   Data   RW         8664    .data               nrf_fstorage_nvmc.o
    0x20002ce0   COMPRESSED   0x00000002   Data   RW         8758    .data               nrf_log_backend_rtt.o
    0x20002ce2   COMPRESSED   0x00000002   PAD
    0x20002ce4   COMPRESSED   0x0000000c   Data   RW         8850    .data               nrf_log_default_backends.o
    0x20002cf0   COMPRESSED   0x00000014   Data   RW         8917    .data               nrf_log_frontend.o
    0x20002d04   COMPRESSED   0x00000044   Data   RW         9095    .data               nrf_log_str_formatter.o
    0x20002d48   COMPRESSED   0x00000004   Data   RW         9421    .data               nrf_sdh.o
    0x20002d4c   COMPRESSED   0x00000001   Data   RW         9537    .data               nrf_sdh_ble.o
    0x20002d4d   COMPRESSED   0x00000003   PAD
    0x20002d50   COMPRESSED   0x00000008   Data   RW         9627    .data               nrf_dfu_flash.o
    0x20002d58   COMPRESSED   0x00000008   Data   RW         9698    .data               nrf_dfu_settings.o
    0x20002d60   COMPRESSED   0x00000004   Data   RW         9897    .data               system_nrf52.o
    0x20002d64   COMPRESSED   0x00000010   Data   RW         9995    .data               tuya_ble_sdk_nRF52832.lib(tuya_ble_api.o)
    0x20002d74   COMPRESSED   0x0000003c   Data   RW        10562    .data               tuya_ble_sdk_nRF52832.lib(tuya_ble_data_handler.o)
    0x20002db0   COMPRESSED   0x00000008   Data   RW        10745    .data               tuya_ble_sdk_nRF52832.lib(tuya_ble_main.o)
    0x20002db8   COMPRESSED   0x0000000e   Data   RW        11163    .data               tuya_ble_sdk_nRF52832.lib(tuya_ble_event.o)
    0x20002dc6   COMPRESSED   0x00000002   PAD
    0x20002dc8   COMPRESSED   0x0000001c   Data   RW        11224    .data               tuya_ble_sdk_nRF52832.lib(tuya_ble_heap.o)
    0x20002de4   COMPRESSED   0x00000001   Data   RW        11299    .data               tuya_ble_sdk_nRF52832.lib(tuya_ble_mutli_tsf_protocol.o)
    0x20002de5   COMPRESSED   0x00000003   PAD
    0x20002de8   COMPRESSED   0x00000004   Data   RW        11431    .data               mc_w.l(rand.o)
    0x20002dec   COMPRESSED   0x00000004   Data   RW        11784    .data               mc_w.l(errno.o)
    0x20002df0   COMPRESSED   0x00000014   Data   RW         3802    fs_data             nrfs_flash.o
    0x20002e04   COMPRESSED   0x00000014   Data   RW         9628    fs_data             nrf_dfu_flash.o
    0x20002e18        -       0x00000491   Zero   RW          655    .bss                lock_dp_parser.o
    0x200032a9   COMPRESSED   0x00000003   PAD
    0x200032ac        -       0x00000122   Zero   RW          750    .bss                lock_dp_report.o
    0x200033ce   COMPRESSED   0x00000002   PAD
    0x200033d0        -       0x0000001c   Zero   RW          844    .bss                lock_timer.o
    0x200033ec        -       0x00000100   Zero   RW         1008    .bss                lock_test.o
    0x200034ec        -       0x00000194   Zero   RW         1138    .bss                app_flash.o
    0x20003680        -       0x000000f0   Zero   RW         1322    .bss                app_ota.o
    0x20003770        -       0x00000200   Zero   RW         1416    .bss                app_test.o
    0x20003970        -       0x00000168   Zero   RW         1804    .bss                tuya_ble_storage.o
    0x20003ad8        -       0x00000174   Zero   RW         2699    .bss                ef_env.o
    0x20003c4c        -       0x00000250   Zero   RW         3093    .bss                elog.o
    0x20003e9c        -       0x00000076   Zero   RW         3390    .bss                nrfs_scan_adv.o
    0x20003f12   COMPRESSED   0x00000002   PAD
    0x20003f14        -       0x00000014   Zero   RW         3485    .bss                nrfs_ble.o
    0x20003f28        -       0x00000400   Zero   RW         3619    .bss                nrfs_uart.o
    0x20004328        -       0x00000190   Zero   RW         3674    .bss                nrfs_timer.o
    0x200044b8        -       0x00000128   Zero   RW         3798    .bss                nrfs_flash.o
    0x200045e0        -       0x0000006c   Zero   RW         4109    .bss                bsp.o
    0x2000464c        -       0x00000050   Zero   RW         4612    .bss                ble_conn_params.o
    0x2000469c        -       0x00000078   Zero   RW         4721    .bss                ble_conn_state.o
    0x20004714        -       0x00000014   Zero   RW         5399    .bss                nrf_drv_clock.o
    0x20004728        -       0x0000005c   Zero   RW         5966    .bss                nrfx_gpiote.o
    0x20004784        -       0x0000002c   Zero   RW         6330    .bss                nrfx_uart.o
    0x200047b0        -       0x00000024   Zero   RW         6572    .bss                nrfx_uarte.o
    0x200047d4        -       0x0000010c   Zero   RW         7303    .bss                app_timer.o
    0x200048e0        -       0x00000020   Zero   RW         7497    .bss                app_uart_fifo.o
    0x20004900        -       0x0000000c   Zero   RW         7584    .bss                app_util_platform.o
    0x2000490c        -       0x0000000c   Zero   RW         8183    .bss                nrf_pwr_mgmt.o
    0x20004918        -       0x00000200   Zero   RW         8539    .bss                nrf_fstorage_sd.o
    0x20004b18        -       0x00000040   Zero   RW         8756    .bss                nrf_log_backend_rtt.o
    0x20004b58        -       0x0000057c   Zero   RW         8914    .bss                nrf_log_frontend.o
    0x200050d4        -       0x00000888   Zero   RW         9175    .bss                segger_rtt.o
    0x2000595c        -       0x00000768   Zero   RW         9695    .bss                nrf_dfu_settings.o
    0x200060c4        -       0x0000012c   Zero   RW         9994    .bss                tuya_ble_sdk_nRF52832.lib(tuya_ble_api.o)
    0x200061f0        -       0x000004b0   Zero   RW        10561    .bss                tuya_ble_sdk_nRF52832.lib(tuya_ble_data_handler.o)
    0x200066a0        -       0x00000332   Zero   RW        10743    .bss                tuya_ble_sdk_nRF52832.lib(tuya_ble_main.o)
    0x200069d2        -       0x000000e0   Zero   RW        11092    .bss                tuya_ble_sdk_nRF52832.lib(tuya_ble_cryption_api.o)
    0x20006ab2   COMPRESSED   0x00000002   PAD
    0x20006ab4        -       0x0000086c   Zero   RW        11162    .bss                tuya_ble_sdk_nRF52832.lib(tuya_ble_event.o)
    0x20007320        -       0x00000800   Zero   RW        11223    .bss                tuya_ble_sdk_nRF52832.lib(tuya_ble_heap.o)
    0x20007b20        -       0x00002000   Zero   RW         9874    STACK               arm_startup_nrf52.o



  Load Region LR$$.ARM.__AT_0x0007D000 (Base: 0x0007d000, Size: 0x00000000, Max: 0x00001000, ABSOLUTE)

    Execution Region ER$$.ARM.__AT_0x0007D000 (Exec base: 0x0007d000, Load base: 0x0007d000, Size: 0x00001000, Max: 0x00001000, ABSOLUTE, UNINIT)

    Exec Addr    Load Addr    Size         Type   Attr      Idx    E Section Name        Object

    0x0007d000        -       0x00001000   Zero   RW         9692    .ARM.__AT_0x0007D000  nrf_dfu_settings.o



  Load Region LR$$.ARM.__AT_0x0007E000 (Base: 0x0007e000, Size: 0x00000000, Max: 0x00001000, ABSOLUTE)

    Execution Region ER$$.ARM.__AT_0x0007E000 (Exec base: 0x0007e000, Load base: 0x0007e000, Size: 0x00001000, Max: 0x00001000, ABSOLUTE, UNINIT)

    Exec Addr    Load Addr    Size         Type   Attr      Idx    E Section Name        Object

    0x0007e000        -       0x00001000   Zero   RW         9693    .ARM.__AT_0x0007E000  nrf_dfu_settings.o



  Load Region LR$$.ARM.__AT_0x0007F000 (Base: 0x0007f000, Size: 0x00000000, Max: 0x00001000, ABSOLUTE)

    Execution Region ER$$.ARM.__AT_0x0007F000 (Exec base: 0x0007f000, Load base: 0x0007f000, Size: 0x00001000, Max: 0x00001000, ABSOLUTE, UNINIT)

    Exec Addr    Load Addr    Size         Type   Attr      Idx    E Section Name        Object

    0x0007f000        -       0x00001000   Zero   RW         9694    .ARM.__AT_0x0007F000  nrf_dfu_settings.o


==============================================================================

Image component sizes


      Code (inc. data)   RO Data    RW Data    ZI Data      Debug   Object Name

      3590         74       8744          0          0      20462   aes.o
       768        246        104         96          0       5927   app_common.o
        28          0          0          0          0       2529   app_error.o
         0          0          0          0          0      26647   app_error_weak.o
       170          0          0          0          0       6402   app_fifo.o
      2062        326          0         21        404      26030   app_flash.o
      3108       1030        199         17        240      13335   app_ota.o
      1018        186        142          0          0      45050   app_port.o
      2268        478         89          6        512      12375   app_test.o
      2072        250          6         24        268      54491   app_timer.o
       770        108         32         31         32      22154   app_uart_fifo.o
       200         24          0          0         12      10790   app_util_platform.o
        36          8        512          0       8192        956   arm_startup_nrf52.o
       272          0          0          0          0      43055   ble_advdata.o
       628         30          8          8         80       9540   ble_conn_params.o
       476         38          8          0        120      10265   ble_conn_state.o
       108          0          0          0          0       1664   ble_link_ctx_manager.o
       794          4         32          0          0       7568   ble_nus.o
       676          6          0          0          0      41393   ble_srv_common.o
         0          0          0          0          0       5548   boards.o
        92          6          0          0        108       7084   bsp.o
       288          8          8         12          0       4004   bsp_btn_ble.o
       206         10          4          0          0       4203   cpt_math.o
       392         34          0          0          0       4462   cpt_string_op.o
        76          6          0          0          0       1540   crc32.o
       148         88         73          0          0       1341   easyflash.o
      6462       1382        475         20        372      48720   ef_env.o
       380        158        176          0          0       8107   ef_port.o
        44          4       1024          0          0       1756   ef_utils.o
      2240        638        233         28        592      16709   elog.o
       110         40          0          1          0      34677   elog_port.o
       224         66        110          0          0       2737   elog_utils.o
       180          0          0          0          0       1748   hmac-sha1.o
       372        184        138          2          0     160147   lock_common.o
      5752       1770        269          0       1169      23428   lock_dp_parser.o
      1240         76          0          8        290      17463   lock_dp_report.o
       770        204        117          0          0       6414   lock_dynamic_pwd.o
      1158        376         92          0          0       8237   lock_hard.o
      1196        428        127          4        256       5648   lock_test.o
       484        116        101          0         28      13103   lock_timer.o
       696        232         24          0          0       3977   main.o
      2858        264          0          0          0      10819   md5.o
       374          0          0          0          0       9040   nrf_atfifo.o
        90          0          0          0          0       3244   nrf_atflags.o
       458          0          0          0          0      11520   nrf_atomic.o
       232         10          0          1          0       4235   nrf_balloc.o
      1216        280        205          0          0      39131   nrf_ble_gatt.o
       892          0         17          0          0      12837   nrf_ble_scan.o
       340        146         22         28          0       4711   nrf_dfu_flash.o
      1028        416        214          8      14184      11668   nrf_dfu_settings.o
       376         56         30          1         20      39224   nrf_drv_clock.o
       252         42          0         13          0      18180   nrf_drv_uart.o
        70          0          0          0          0       3145   nrf_fprintf.o
      1030          6         16          0          0       6350   nrf_fprintf_format.o
      1644        584        194          0          0       8648   nrf_fstorage.o
       326         34         44          8          0       8624   nrf_fstorage_nvmc.o
      1114        120         72         12        512      20007   nrf_fstorage_sd.o
       176         16         22          2         64       6865   nrf_log_backend_rtt.o
       242          0          0          0          0      11069   nrf_log_backend_serial.o
        40          6         32         12          0       3457   nrf_log_default_backends.o
      2138        146         44         20       1404      32919   nrf_log_frontend.o
       626        112        102         68          0       6280   nrf_log_str_formatter.o
       514          0          0          0          0       8535   nrf_memobj.o
       228         14          0          0          0       2737   nrf_nvmc.o
       176         28         53          9         12      38330   nrf_pwr_mgmt.o
        28          0          0          0          0       2451   nrf_ringbuf.o
       816         94        104          4          0      41826   nrf_sdh.o
       836        238        468          1          0       6747   nrf_sdh_ble.o
        84          4         56          0          0       2800   nrf_sdh_soc.o
       112          0          0          0          0       2960   nrf_section_iter.o
        92         10       1319          0          0       2891   nrf_strerror.o
      1978        570        130         22         20      11774   nrfs_ble.o
       218         18          0          1          0      31946   nrfs_common.o
      1200        514        152         28        296       8101   nrfs_flash.o
      1172        506         54        110        118       8905   nrfs_scan_adv.o
       298        132         27         44          0       3401   nrfs_svc.o
         2          0          0          0          0        612   nrfs_test.o
       904        288         82         20        400      14123   nrfs_timer.o
       348        112         44          0       1024       3174   nrfs_uart.o
       488         38         14         12          0      47056   nrfx_clock.o
       764         30         77          0         92      55522   nrfx_gpiote.o
       124         18         12         12          0       3977   nrfx_prs.o
       536         34         12         11          0      15595   nrfx_rtc.o
      1680         46         59          0         44      36105   nrfx_uart.o
      1506         46         62          0         36      31307   nrfx_uarte.o
        24          4          0          4          0       1951   platform_util.o
       470         44          0          0       2184       8817   segger_rtt.o
      1142         18         16          0          0       6179   sha1.o
      1372        142          0          4          0       8983   system_nrf52.o
       906         38          0          0          0      26025   tuya_ble_port_nrf52832.o
       658         56         50          0        360      12280   tuya_ble_storage.o

    ----------------------------------------------------------------------
     75872      13914      16796        756      33452    1458769   Object Totals
         0          0         32          0          0          0   (incl. Generated)
       120          0        112         23          7          0   (incl. Padding)

    ----------------------------------------------------------------------

      Code (inc. data)   RO Data    RW Data    ZI Data      Debug   Library Member Name

       164         44          0          0          0        620   dunder.o
        24          0          0          0          0        124   fabs.o
        48          0          0          0          0        124   fpclassify.o
       248          0          0          0          0        152   poly.o
      3152        296        136          0          0        352   pow.o
         0          0          8          0          0          0   qnan.o
       110          0          0          0          0        148   sqrt.o
        86          0          0          0          0          0   __dczerorl2.o
       144          0          0          0          0         88   __strtoll.o
        28          0          0          0          0         68   _chval.o
       194          0          0          0          0         96   _strtoull.o
        26          0          0          0          0         80   atoll.o
         8          4        133          0          0         68   ctype_o.o
         0          0          0          0          0          0   entry.o
         0          0          0          0          0          0   entry10a.o
         0          0          0          0          0          0   entry11a.o
         8          4          0          0          0          0   entry2.o
         4          0          0          0          0          0   entry5.o
         0          0          0          0          0          0   entry7b.o
         0          0          0          0          0          0   entry8b.o
         8          4          0          0          0          0   entry9a.o
        20         10          0          4          0        136   errno.o
        30          0          0          0          0          0   handlers.o
        36          8          0          0          0         68   init.o
         0          0          0          0          0          0   iusefp.o
        30          0          0          0          0         68   llshl.o
        36          0          0          0          0         68   llsshr.o
        32          0          0          0          0         68   llushr.o
        26          0          0          0          0         80   memcmp.o
        36          0          0          0          0         68   memcpya.o
        36          0          0          0          0        108   memseta.o
      2426        100          0          0          0        832   printfa.o
        36         10          0          4          0        136   rand.o
        18          0          0          0          0         68   strcpy.o
        14          0          0          0          0         68   strlen.o
        30          0          0          0          0         80   strncmp.o
        24          0          0          0          0         76   strncpy.o
        36          0          0          0          0         80   strstr.o
        44          0          0          0          0         80   uidiv.o
        98          0          0          0          0         92   uldiv.o
        48          0          0          0          0         68   cdrcmple.o
       334          0          0          0          0        148   dadd.o
       222          0          0          0          0        100   ddiv.o
       186          0          0          0          0        176   depilogue.o
        62          0          0          0          0         80   dfixi.o
        50          0          0          0          0         76   dfixui.o
        48          0          0          0          0         68   dfixul.o
        34          0          0          0          0         76   dflti.o
        26          0          0          0          0         76   dfltui.o
       228          0          0          0          0         96   dmul.o
        46          0          0          0          0         80   dscalb.o
       162          0          0          0          0        100   dsqrt.o
      1420        138          0         16        300      27796   tuya_ble_api.o
       108         10          0          0          0       2027   tuya_ble_app_uart_common_handler.o
      1132         58          0          0        224      10270   tuya_ble_cryption_api.o
      3666        236          0         60       1200      30027   tuya_ble_data_handler.o
       364         72          0         14       2156       6911   tuya_ble_event.o
       508         62          0         28       2048       5015   tuya_ble_heap.o
      1596        136         58          8        818      18023   tuya_ble_main.o
        46          0          0          0          0       2246   tuya_ble_mem.o
      1006          4          0          1          0       9750   tuya_ble_mutli_tsf_protocol.o
       268         10          4          0          0       5512   tuya_ble_utils.o

    ----------------------------------------------------------------------
     18860       1210        344        140       6748     122817   Library Totals
        40          4          5          5          2          0   (incl. Padding)

    ----------------------------------------------------------------------

      Code (inc. data)   RO Data    RW Data    ZI Data      Debug   Library Name

      3746        340        144          0          0       1520   m_wm.l
      3514        140        133          8          0       2576   mc_w.l
      1446          0          0          0          0       1144   mf_w.l
     10114        726         62        127       6746     117577   tuya_ble_sdk_nRF52832.lib

    ----------------------------------------------------------------------
     18860       1210        344        140       6748     122817   Library Totals

    ----------------------------------------------------------------------

==============================================================================


      Code (inc. data)   RO Data    RW Data    ZI Data      Debug   

     94732      15124      17140        896      40200    1494890   Grand Totals
     94732      15124      17140        208      40200    1494890   ELF Image Totals (compressed)
     94732      15124      17140        208          0          0   ROM Totals

==============================================================================

    Total RO  Size (Code + RO Data)               111872 ( 109.25kB)
    Total RW  Size (RW Data + ZI Data)             41096 (  40.13kB)
    Total ROM Size (Code + RO Data + RW Data)     112080 ( 109.45kB)

==============================================================================

